training@training-OptiPlex-7010:~$ sudo minicom
[sudo] password for training: 


Welcome to minicom 2.7.1

OPTIONS: I18n 
Compiled on Dec 23 2019, 02:06:26.
Port /dev/ttyUSB0, 09:34:28

Press CTRL-A Z for help on special keys


U-Boot SPL 2019.04-00002-g07d5700e21 (Mar 06 2020 - 11:24:55 -0600)
Trying to boot from MMC2
Loading Environment from EXT4... 
** Unable to use mmc 0:1 for loading the env **


U-Boot 2019.04-00002-g07d5700e21 (Mar 06 2020 - 11:24:55 -0600), Build: jenkins7

CPU  : AM335X-GP rev 2.1
I2C:   ready
DRAM:  512 MiB
No match for driver 'omap_hsmmc'
No match for driver 'omap_hsmmc'
Some drivers were not found              
Reset Source: Power-on reset has occurred.              
RTC 32KCLK Source: External.              
MMC:   OMAP SD/MMC: 0, OMAP SD/MMC: 1              
Loading Environment from EXT4...               
** Unable to use mmc 0:1 for loading the env **              
Board: BeagleBone Black              
<ethaddr> not set. Validating first E-fuse MAC              
BeagleBone Black:              
BeagleBone: cape eeprom: i2c_probe: 0x54:              
BeagleBone: cape eeprom: i2c_probe: 0x55:              
BeagleBone: cape eeprom: i2c_probe: 0x56:              
BeagleBone: cape eeprom: i2c_probe: 0x57:              
Net:   eth0: MII MODE              
cpsw, usb_ether              
Press SPACE to abort autoboot in 0 seconds              
board_name=[A335BNLT] ...              
board_rev=[00C0] ...              
switch to partitions #0, OK              
mmc0 is current device              
SD/MMC found on device 0              
switch to partitions #0, OK              
mmc0 is current device              
Scanning mmc 0:1...              
gpio: pin 56 (gpio 56) value is 0              
gpio: pin 55 (gpio 55) value is 0              
gpio: pin 54 (gpio 54) value is 0              
gpio: pin 53 (gpio 53) value is 1              
switch to partitions #0, OK              
mmc0 is current device              
gpio: pin 54 (gpio 54) value is 1              
Checking for: /uEnv.txt ...              
370 bytes read in 9 ms (40 KiB/s)              
gpio: pin 55 (gpio 55) value is 1              
Loaded environment from /uEnv.txt              
Importing environment from mmc ...              
Checking if uenvcmd is set ...              
gpio: pin 56 (gpio 56) value is 1              
Running uenvcmd ...              
8645240 bytes read in 559 ms (14.7 MiB/s)              
56827 bytes read in 20 ms (2.7 MiB/s)              
## Booting kernel from Legacy Image at 82000000 ...              
   Image Name:   Linux-4.4.62              
   Created:      2017-05-02   4:26:56 UTC              
   Image Type:   ARM Linux Kernel Image (uncompressed)              
   Data Size:    8645176 Bytes = 8.2 MiB              
   Load Address: 80008000              
   Entry Point:  80008000              
   Verifying Checksum ... OK              
## Flattened Device Tree blob at 88000000              
   Booting using the fdt blob at 0x88000000              
   Loading Kernel Image ... OK              
   Loading Device Tree to 8ffef000, end 8ffffdfa ... OK              
              
Starting kernel ...              
              
[    0.000000] Booting Linux on physical CPU 0x0              
[    0.000000] Initializing cgroup subsys cpuset              
[    0.000000] Initializing cgroup subsys cpu              
[    0.000000] Initializing cgroup subsys cpuacct              
[    0.000000] Linux version 4.4.62 (kiran@kiran-fastbitlab) (gcc version 6.3.17
[    0.000000] CPU: ARMv7 Processor [413fc082] revision 2 (ARMv7), cr=10c5387d  
[    0.000000] CPU: PIPT / VIPT nonaliasing data cache, VIPT aliasing instructie
[    0.000000] Machine model: TI AM335x BeagleBone Black              
[    0.000000] cma: Reserved 48 MiB at 0x9c800000              
[    0.000000] Memory policy: Data cache writeback              
[    0.000000] CPU: All CPU(s) started in SVC mode.              
[    0.000000] AM335X ES2.1 (sgx neon )              
[    0.000000] PERCPU: Embedded 13 pages/cpu @df920000 s24268 r8192 d20788 u5328
[    0.000000] Built 1 zonelists in Zone order, mobility grouping on.  Total pa8
[    0.000000] Kernel command line: console=ttyO0,115200n8 root=/dev/mmcblk0p2 w
[    0.000000] PID hash table entries: 2048 (order: 1, 8192 bytes)              
[    0.000000] Dentry cache hash table entries: 65536 (order: 6, 262144 bytes)  
[    0.000000] Inode-cache hash table entries: 32768 (order: 5, 131072 bytes)   
[    0.000000] Memory: 449884K/522240K available (11379K kernel code, 917K rwda)
[    0.000000] Virtual kernel memory layout:              
[    0.000000]     vector  : 0xffff0000 - 0xffff1000   (   4 kB)              
[    0.000000]     fixmap  : 0xffc00000 - 0xfff00000   (3072 kB)              
[    0.000000]     vmalloc : 0xe0800000 - 0xff800000   ( 496 MB)              
[    0.000000]     lowmem  : 0xc0000000 - 0xe0000000   ( 512 MB)              
[    0.000000]     pkmap   : 0xbfe00000 - 0xc0000000   (   2 MB)              
[    0.000000]     modules : 0xbf000000 - 0xbfe00000   (  14 MB)              
[    0.000000]       .text : 0xc0008000 - 0xc0ed9e80   (15176 kB)              
[    0.000000]       .init : 0xc0eda000 - 0xc0f94000   ( 744 kB)              
[    0.000000]       .data : 0xc0f94000 - 0xc10795a8   ( 918 kB)              
[    0.000000]        .bss : 0xc107c000 - 0xc115ed50   ( 908 kB)              
[    0.000000] SLUB: HWalign=64, Order=0-3, MinObjects=0, CPUs=1, Nodes=1       
[    0.000000] Hierarchical RCU implementation.              
[    0.000000]  Build-time adjustment of leaf fanout to 32.              
[    0.000000]  RCU restricting CPUs from NR_CPUS=2 to nr_cpu_ids=1.            
[    0.000000] RCU: Adjusting geometry for rcu_fanout_leaf=32, nr_cpu_ids=1     
[    0.000000] NR_IRQS:16 nr_irqs:16 16              
[    0.000000] IRQ: Found an INTC at 0xfa200000 (revision 5.0) with 128 interrus
[    0.000000] OMAP clockevent source: timer2 at 24000000 Hz              
[    0.000014] sched_clock: 32 bits at 24MHz, resolution 41ns, wraps every 8947s
[    0.000034] clocksource: timer1: mask: 0xffffffff max_cycles: 0xffffffff, mas
[    0.000046] OMAP clocksource: timer1 at 24000000 Hz              
[    0.001029] clocksource_probe: no matching clocksources found              
[    0.001231] Console: colour dummy device 80x30              
[    0.001259] WARNING: Your 'console=ttyO0' has been replaced by 'ttyS0'       
[    0.001266] This ensures that you still see kernel messages. Please          
[    0.001273] update your kernel commandline.              
[    0.001294] Calibrating delay loop... 995.32 BogoMIPS (lpj=1990656)          
[    0.046820] pid_max: default: 32768 minimum: 301              
[    0.046978] Security Framework initialized              
[    0.046993] Yama: becoming mindful.              
[    0.047031] AppArmor: AppArmor disabled by boot time parameter              
[    0.047211] Mount-cache hash table entries: 1024 (order: 0, 4096 bytes)      
[    0.047223] Mountpoint-cache hash table entries: 1024 (order: 0, 4096 bytes) 
[    0.048083] Initializing cgroup subsys io              
[    0.048116] Initializing cgroup subsys memory              
[    0.048164] Initializing cgroup subsys devices              
[    0.048182] Initializing cgroup subsys freezer              
[    0.048198] Initializing cgroup subsys net_cls              
[    0.048212] Initializing cgroup subsys perf_event              
[    0.048227] Initializing cgroup subsys net_prio              
[    0.048253] Initializing cgroup subsys pids              
[    0.048314] CPU: Testing write buffer coherency: ok              
[    0.048374] ftrace: allocating 34471 entries in 102 pages              
[    0.145369] CPU0: thread -1, cpu 0, socket -1, mpidr 0              
[    0.145499] Setting up static identity map for 0x80008280 - 0x800082e0       
[    0.149698] Brought up 1 CPUs              
[    0.149723] SMP: Total of 1 processors activated (995.32 BogoMIPS).          
[    0.149732] CPU: All CPU(s) started in SVC mode.              
[    0.151471] devtmpfs: initialized              
[    0.169479] VFP support v0.3: implementor 41 architecture 3 part 30 variant 3
[    0.189164] omap_hwmod: debugss: _wait_target_disable failed              
[    0.230497] clocksource: jiffies: mask: 0xffffffff max_cycles: 0xffffffff, ms
[    0.230534] futex hash table entries: 256 (order: 2, 16384 bytes)            
[    0.234655] xor: measuring software checksum speed              
[    0.270822]    arm4regs  :  1219.000 MB/sec              
[    0.310815]    8regs     :   957.000 MB/sec              
[    0.350815]    32regs    :  1089.000 MB/sec              
[    0.390814]    neon      :  1743.000 MB/sec              
[    0.390822] xor: using function: neon (1743.000 MB/sec)              
[    0.390944] pinctrl core: initialized pinctrl subsystem              
[    0.393001] NET: Registered protocol family 16              
[    0.395837] DMA: preallocated 256 KiB pool for atomic coherent allocations   
[    0.397073] cpuidle: using governor ladder              
[    0.397093] cpuidle: using governor menu              
[    0.402726] OMAP GPIO hardware version 0.1              
[    0.415053] No ATAGs?              
[    0.415088] hw-breakpoint: debug architecture 0x4 unsupported.              
[    0.415624] omap4_sram_init:Unable to allocate sram needed to handle errata 8
[    0.415641] omap4_sram_init:Unable to get sram pool needed to handle errata 8
[    0.494834] raid6: int32x1  gen()   250 MB/s              
[    0.562882] raid6: int32x1  xor()   218 MB/s              
[    0.630844] raid6: int32x2  gen()   324 MB/s              
[    0.698929] raid6: int32x2  xor()   265 MB/s              
[    0.766832] raid6: int32x4  gen()   302 MB/s              
[    0.834895] raid6: int32x4  xor()   246 MB/s              
[    0.902827] raid6: int32x8  gen()   294 MB/s              
[    0.970880] raid6: int32x8  xor()   210 MB/s              
[    1.038819] raid6: neonx1   gen()  1456 MB/s              
[    1.106826] raid6: neonx1   xor()   846 MB/s              
[    1.174839] raid6: neonx2   gen()  1923 MB/s              
[    1.242835] raid6: neonx2   xor()  1197 MB/s              
[    1.310843] raid6: neonx4   gen()  1954 MB/s              
[    1.378819] raid6: neonx4   xor()  1208 MB/s              
[    1.446817] raid6: neonx8   gen()  1103 MB/s              
[    1.514826] raid6: neonx8   xor()   783 MB/s              
[    1.514834] raid6: using algorithm neonx4 gen() 1954 MB/s              
[    1.514841] raid6: .... xor() 1208 MB/s, rmw enabled              
[    1.514848] raid6: using intx1 recovery algorithm              
[    1.524331] edma 49000000.edma: TI EDMA DMA engine driver              
[    1.528983] SCSI subsystem initialized              
[    1.529785] usbcore: registered new interface driver usbfs              
[    1.529862] usbcore: registered new interface driver hub              
[    1.529971] usbcore: registered new device driver usb              
[    1.530582] omap_i2c 44e0b000.i2c: could not find pctldev for node /ocp/l4_we
[    1.530636] omap_i2c 4819c000.i2c: could not find pctldev for node /ocp/l4_we
[    1.530763] media: Linux media interface: v0.10              
[    1.530915] Linux video capture interface: v2.00              
[    1.531039] pps_core: LinuxPPS API ver. 1 registered              
[    1.531047] pps_core: Software ver. 5.3.6 - Copyright 2005-2007 Rodolfo Giom>
[    1.531076] PTP clock support registered              
[    1.532022] omap-mailbox 480c8000.mailbox: omap mailbox rev 0x400            
[    1.533503] NetLabel: Initializing              
[    1.533517] NetLabel:  domain hash size = 128              
[    1.533523] NetLabel:  protocols = UNLABELED CIPSOv4              
[    1.533584] NetLabel:  unlabeled traffic allowed by default              
[    1.533895] clocksource: Switched to clocksource timer1              
[    1.645700] NET: Registered protocol family 2              
[    1.646670] TCP established hash table entries: 4096 (order: 2, 16384 bytes) 
[    1.646722] TCP bind hash table entries: 4096 (order: 3, 32768 bytes)        
[    1.646780] TCP: Hash tables configured (established 4096 bind 4096)         
[    1.646860] UDP hash table entries: 256 (order: 1, 8192 bytes)              
[    1.646881] UDP-Lite hash table entries: 256 (order: 1, 8192 bytes)          
[    1.647211] NET: Registered protocol family 1              
[    1.647846] RPC: Registered named UNIX socket transport module.              
[    1.647862] RPC: Registered udp transport module.              
[    1.647869] RPC: Registered tcp transport module.              
[    1.647875] RPC: Registered tcp NFSv4.1 backchannel transport module.        
[    1.648854] hw perfevents: enabled with armv7_cortex_a8 PMU driver, 5 countee
[    1.651752] audit: initializing netlink subsys (disabled)              
[    1.651847] audit: type=2000 audit(1.584:1): initialized              
[    1.662344] zbud: loaded              
[    1.663088] VFS: Disk quotas dquot_6.6.0              
[    1.663366] VFS: Dquot-cache hash table entries: 1024 (order 0, 4096 bytes)  
[    1.666178] NFS: Registering the id_resolver key type              
[    1.666252] Key type id_resolver registered              
[    1.666261] Key type id_legacy registered              
[    1.666290] nfs4filelayout_init: NFSv4 File Layout Driver Registering...     
[    1.666661] fuse init (API version 7.23)              
[    1.667310] SGI XFS with ACLs, security attributes, realtime, no debug enabld
[    1.675878] Block layer SCSI generic (bsg) driver version 0.4 loaded (major )
[    1.676142] io scheduler noop registered              
[    1.676159] io scheduler deadline registered              
[    1.676225] io scheduler cfq registered (default)              
[    1.677613] pinctrl-single 44e10800.pinmux: 142 pins at pa f9e10800 size 568 
[    1.679664] wkup_m3_ipc 44e11324.wkup_m3_ipc: could not get rproc handle     
[    1.681040] Serial: 8250/16550 driver, 6 ports, IRQ sharing disabled         
[    1.684512] 44e09000.serial: ttyS0 at MMIO 0x44e09000 (irq = 158, base_baud 0
[    2.555443] console [ttyS0] enabled              
[    2.560528] [drm] Initialized drm 1.1.0 20060810              
[    2.617924] davinci_mdio 4a101000.mdio: davinci mdio revision 1.6            
[    2.624099] davinci_mdio 4a101000.mdio: detected phy mask fffffffe           
[    2.630708] davinci_mdio: dt: updated phy_id[0] from phy_mask[fffffffe]      
[    2.638703] libphy: 4a101000.mdio: probed              
[    2.642829] davinci_mdio 4a101000.mdio: phy[0]: device 4a101000.mdio:00, dri0
[    2.652892] cpsw 4a100000.ethernet: Detected MACID = 0c:b2:b7:cc:f4:c5       
[    2.659746] cpsw 4a100000.ethernet: cpts: overflow check period 2125         
[    2.668052] ehci_hcd: USB 2.0 'Enhanced' Host Controller (EHCI) Driver       
[    2.674845] ehci-platform: EHCI generic platform driver              
[    2.680401] ehci-omap: OMAP-EHCI Host Controller driver              
[    2.686192] usbcore: registered new interface driver usb-storage             
[    2.694444] 47401300.usb-phy supply vcc not found, using dummy regulator     
[    2.705488] 47401b00.usb-phy supply vcc not found, using dummy regulator     
[    2.714894] musb-hdrc musb-hdrc.1.auto: MUSB HDRC host driver              
[    2.720757] musb-hdrc musb-hdrc.1.auto: new USB bus registered, assigned bus1
[    2.728948] usb usb1: New USB device found, idVendor=1d6b, idProduct=0002    
[    2.735828] usb usb1: New USB device strings: Mfr=3, Product=2, SerialNumber1
[    2.743108] usb usb1: Product: MUSB HDRC host driver              
[    2.748112] usb usb1: Manufacturer: Linux 4.4.62 musb-hcd              
[    2.753552] usb usb1: SerialNumber: musb-hdrc.1.auto              
[    2.759576] hub 1-0:1.0: USB hub found              
[    2.763533] hub 1-0:1.0: 1 port detected              
[    2.777108] mousedev: PS/2 mouse device common for all mice              
[    2.785382] omap_rtc 44e3e000.rtc: rtc core: registered 44e3e000.rtc as rtc0 
[    2.793495] i2c /dev entries driver              
[    2.798827] omap_wdt: OMAP Watchdog Timer Rev 0x01: initial timeout 60 sec   
[    2.806227] cpuidle: enable-method property 'ti,am3352' found operations     
[    2.813743] omap_hsmmc 48060000.mmc: Got CD GPIO              
[    2.883475] hidraw: raw HID events driver (C) Jiri Kosina              
[    2.889795] usbcore: registered new interface driver usbhid              
[    2.895478] usbhid: USB HID core driver              
[    2.899756] ashmem: initialized              
[    2.903989]  remoteproc0: wkup_m3 is available              
[    2.908533]  remoteproc0: Note: remoteproc is still under development and co.
[    2.917576]  remoteproc0: THE BINARY FORMAT IS NOT YET FINALIZED, and backwa.
[    2.932179] NET: Registered protocol family 10              
[    2.938611] mip6: Mobile IPv6              
[    2.941780] NET: Registered protocol family 17              
[    2.946339] mmc0: host does not support reading read-only switch, assuming we
[    2.954574] Key type dns_resolver registered              
[    2.958910] mpls_gso: MPLS GSO support              
[    2.962920] omap_voltage_late_init: Voltage driver support not added         
[    2.969490] mmc0: new high speed SDHC card at address aaaa              
[    2.976222] PM: Cannot get wkup_m3_ipc handle              
[    2.981741] ThumbEE CPU extension supported.              
[    2.986262] mmcblk0: mmc0:aaaa SC32G 29.7 GiB               
[    2.991695] Registering SWP/SWPB emulation handler              
[    2.996746]  mmcblk0: p1 p2              
[    3.001731] registered taskstats version 1              
[    3.006368] zswap: loaded using pool lzo/zbud              
[    3.021999] Btrfs loaded              
[    3.026677] Key type encrypted registered              
[    3.033751] input: tps65217_pwr_but as /devices/platform/ocp/44e0b000.i2c/i20
[    3.057110] mmc1: MAN_BKOPS_EN bit is not set              
[    3.066149] mmc1: new high speed MMC card at address 0001              
[    3.074236] mmcblk1: mmc1:0001 M62704 3.56 GiB               
[    3.080201] mmcblk1boot0: mmc1:0001 M62704 partition 1 2.00 MiB              
[    3.087549] mmcblk1boot1: mmc1:0001 M62704 partition 2 2.00 MiB              
[    3.094823] tps65217 0-0024: TPS65217 ID 0xe version 1.2              
[    3.101539]  mmcblk1: p1              
[    3.104732] at24 0-0050: 32768 byte 24c256 EEPROM, writable, 1 bytes/write   
[    3.114273] omap_i2c 44e0b000.i2c: bus 0 rev0.11 at 400 kHz              
[    3.121980] at24 2-0054: 32768 byte 24c256 EEPROM, writable, 1 bytes/write   
[    3.129455] at24 2-0055: 32768 byte 24c256 EEPROM, writable, 1 bytes/write   
[    3.136849] at24 2-0056: 32768 byte 24c256 EEPROM, writable, 1 bytes/write   
[    3.144199] at24 2-0057: 32768 byte 24c256 EEPROM, writable, 1 bytes/write   
[    3.151184] omap_i2c 4819c000.i2c: bus 2 rev0.11 at 100 kHz              
[    3.158145]  remoteproc0: powering up wkup_m3              
[    3.162626]  remoteproc0: Booting fw image am335x-pm-firmware.elf, size 21718
[    3.170204]  remoteproc0: remote processor wkup_m3 is now up              
[    3.175901] wkup_m3_ipc 44e11324.wkup_m3_ipc: CM3 Firmware Version = 0x192   
[    3.187425] bone_capemgr bone_capemgr: Baseboard: 'A335BNLT,00C0,4819BBBK122'
[    3.194797] bone_capemgr bone_capemgr: compatible-baseboard=ti,beaglebone-bl4
[    3.241905] bone_capemgr bone_capemgr: slot #0: No cape found              
[    3.285897] bone_capemgr bone_capemgr: slot #1: No cape found              
[    3.329894] bone_capemgr bone_capemgr: slot #2: No cape found              
[    3.373895] bone_capemgr bone_capemgr: slot #3: No cape found              
[    3.379791] bone_capemgr bone_capemgr: initialized OK.              
[    3.387176] PM: bootloader does not support rtc-only!              
[    3.393415] omap_rtc 44e3e000.rtc: setting system clock to 2000-01-01 00:00:)
[    3.402292] of_cfs_init              
[    3.404876] of_cfs_init: OK              
[    3.417632] EXT4-fs (mmcblk0p2): mounting ext3 file system using the ext4 sum
[    3.502431] EXT4-fs (mmcblk0p2): recovery complete              
[    3.509309] EXT4-fs (mmcblk0p2): mounted filesystem with ordered data mode. )
[    3.517664] VFS: Mounted root (ext3 filesystem) on device 179:2.             
[    3.530865] devtmpfs: mounted              
[    3.534761] Freeing unused kernel memory: 744K (c0eda000 - c0f94000)         
[    3.805506] systemd[1]: systemd 196 running in system mode. (+PAM -LIBWRAP -)
              
Welcome to The �Ångstr�öm Distribution!              
              
[    3.834063] systemd[1]: Set hostname to <beagleboard>.              
[    3.850205] random: systemd: uninitialized urandom read (12 bytes read, 26 b)
[    4.047820] systemd[1]: Cannot add dependency job for unit display-manager.s.
[    4.070518] systemd[1]: Expecting device dev-ttyS0.device...              
         Expecting device dev-ttyS0.device...              
[    4.082472] systemd[1]: Expecting device dev-ttyO2.device...              
         Expecting device dev-ttyO2.device...              
[    4.094561] systemd[1]: Starting Forward Password Requests to Wall Directory.
[    4.102895] systemd[1]: Started Forward Password Requests to Wall Directory .
[    4.110712] systemd[1]: Starting Syslog Socket.              
[  OK  ] Listening on Syslog Socket.              
[    4.122509] systemd[1]: Listening on Syslog Socket.              
[    4.127640] systemd[1]: Starting Remote File Systems.              
[  OK  ] Reached target Remote File Systems.              
[    4.146435] systemd[1]: Reached target Remote File Systems.              
[    4.152331] systemd[1]: Starting /dev/initctl Compatibility Named Pipe.      
[  OK  ] Listening on /dev/initctl Compatibility Named Pipe.              
[    4.170450] systemd[1]: Listening on /dev/initctl Compatibility Named Pipe.  
[    4.177694] systemd[1]: Starting Delayed Shutdown Socket.              
[  OK  ] Listening on Delayed Shutdown Socket.              
[    4.190431] systemd[1]: Listening on Delayed Shutdown Socket.              
[    4.197025] systemd[1]: Starting udev Kernel Socket.              
[  OK  ] Listening on udev Kernel Socket.              
[    4.210510] systemd[1]: Listening on udev Kernel Socket.              
[    4.216580] systemd[1]: Starting udev Control Socket.              
[  OK  ] Listening on udev Control Socket.              
[    4.230511] systemd[1]: Listening on udev Control Socket.              
[    4.236251] systemd[1]: Starting Dispatch Password Requests to Console Direc.
[    4.244746] systemd[1]: Started Dispatch Password Requests to Console Direct.
[    4.253070] systemd[1]: Starting Arbitrary Executable File Formats File Syst.
[  OK  ] Set up automount Arbitrary Executable File Formats F...utomount Point. 
[    4.274519] systemd[1]: Set up automount Arbitrary Executable File Formats F.
[    4.284186] systemd[1]: Starting Swap.              
[  OK  ] Reached target Swap.              
[    4.294430] systemd[1]: Reached target Swap.              
[    4.299004] systemd[1]: Starting Journal Socket.              
[  OK  ] Listening on Journal Socket.              
[    4.310435] systemd[1]: Listening on Journal Socket.              
[    4.315704] systemd[1]: Starting Syslog.              
[  OK  ] Reached target Syslog.              
[    4.326434] systemd[1]: Reached target Syslog.              
[    4.331233] systemd[1]: Started File System Check on Root Device.            
[    4.337518] systemd[1]: Starting Remount Root and Kernel File Systems...     
         Starting Remount Root and Kernel File Systems...              
[    4.358370] systemd[1]: Mounted Huge Pages File System.              
[    4.365578] systemd[1]: Mounting POSIX Message Queue File System...          
         Mounting POSIX Message Queue File System...              
[    4.392555] systemd[1]: Started Apply Kernel Variables.              
[    4.402285] systemd[1]: Starting udev Kernel Device Manager...              
         Starting udev Kernel Device Manager...              
[    4.425775] systemd[1]: Mounting Debug File System...              
         Mounting Debug File System...              
[    4.460443] systemd[1]: Started Load Kernel Modules.              
[    4.471547] systemd[1]: Starting udev Coldplug all Devices...              
         Starting udev Coldplug all Devices...              
[    4.506981] systemd[1]: Starting Journal Service...              
         Starting Journal Service...              
[  OK  ] Started Journal Service.              
[    4.546440] systemd[1]: Started Journal Service.              
[    4.554693] systemd[1]: Started Machine ID first boot configure.             
[    4.568828] systemd[1]: Mounting Configuration File System...              
[    4.580051] systemd-udevd[96]: starting version 196              
         Mounting Configuration File System...              
[    4.587042] EXT4-fs (mmcblk0p2): re-mounted. Opts: (null)              
[    4.612701] systemd[1]: Started Set Up Additional Binary Formats.            
[    4.623948] systemd[1]: Mounting FUSE Control File System...              
         Mounting FUSE Control File System...              
[  OK  ] Started udev Kernel Device Manager.              
[    4.670440] systemd[1]: Started udev Kernel Device Manager.              
[  OK  ] Mounted POSIX Message Queue File System.              
[    4.690405] systemd[1]: Mounted POSIX Message Queue File System.             
[  OK  ] Started Remount Root and Kernel File Systems.              
[    4.720305] random: systemd-journal: uninitialized urandom read (16 bytes re)
[    4.730876] systemd[1]: Started Remount Root and Kernel File Systems.        
[  OK  ] Mounted Debug File System.              
[    4.754464] systemd[1]: Mounted Debug File System.              
[  OK  ] Mounted Configuration File System.              
[    4.774348] systemd[1]: Mounted Configuration File System.              
[  OK  ] Mounted FUSE Control File System.              
[    4.794603] systemd[1]: Mounted FUSE Control File System.              
[    4.806500] systemd[1]: Starting Local File Systems (Pre).              
[  OK  ] Reached target Local File Systems (Pre).              
[    4.826376] systemd[1]: Reached target Local File Systems (Pre).             
[    4.837457] systemd[1]: Mounting /tmp...              
         Mounting /tmp...              
[    4.865815] systemd[1]: Starting Load Random Seed...              
         Starting Load Random Seed...              
[  OK  ] Mounted /tmp.              
[  OK  ] Reached target Local File Systems.              
         Starting Recreate Volatile Files and Directories...              
         Starting Trigger Flushing of Journal to Persistent Storage...          
[    4.973382] random: systemd-random-: uninitialized urandom read (512 bytes r)
[  OK  ] Started Load Random Seed.              
[  OK  ] Started Trigger Flushing of Journal to Persistent Storage.             
[  OK  ] Started Recreate Volatile Files and Directories.              
[  OK  ] Reached target System Initialization.              
[  OK  ] Listening on Avahi mDNS/DNS-SD Stack Activation Socket.              
[  OK  ] Listening on D-Bus System Message Bus Socket.              
[  OK  ] Listening on dropbear.socket.              
[  OK  ] Reached target Sockets.              
[  OK  ] Reached target Basic System.              
         Starting Connection service...              
         Starting D-Bus System Message Bus...              
[  OK  ] Started D-Bus System Message Bus.              
         Starting Login Service...              
         Starting Kernel Logging Service...              
[  OK  ] Started Kernel Logging Service.              
         Starting System Logging Service...              
[  OK  ] Started System Logging Service.              
         Starting Permit User Sessions...              
         Starting Avahi mDNS/DNS-SD Stack...              
[    5.403210] random: dbus-daemon: uninitialized urandom read (12 bytes read, )
[  OK  ] Started Permit User Sessions.              
         Starting Getty on tty1...              
[  OK  ] Started Getty on tty1.              
[    5.508548] random: avahi-daemon: uninitialized urandom read (4 bytes read, )
[    5.615696] random: dbus-daemon: uninitialized urandom read (12 bytes read, )
[  OK  ] Started udev Coldplug all Devices.              
[  OK  ] Started Connection service.              
[  OK  ] Started Login Service.              
[    5.837295] systemd-journald[102]: Received SIGUSR1              
[    5.872531] random: systemd-journal: uninitialized urandom read (8 bytes rea)
[    5.891817] systemd-journald[102]: File /var/log/journal/e7d29b0ddbab4715a4f.
[    5.922608] random: systemd-journal: uninitialized urandom read (16 bytes re)
[  OK  ] Started Avahi mDNS/DNS-SD Stack.              
         Starting WPA supplicant...              
[  OK  ] Started WPA supplicant.              
[    6.987207] net eth0: initializing cpsw version 1.12 (0)              
[    6.992606] net eth0: initialized cpsw ale version 1.4              
[    6.997795] net eth0: ALE Table size 1024              
[    7.066760] net eth0: phy found : id is : 0x7c0f1              
[    7.099340] IPv6: ADDRCONF(NETDEV_UP): eth0: link is not ready              
[  OK  ] Found device /dev/ttyS0.              
         Starting Serial Getty on ttyS0...              
[                
.---O---.                                                         
|       |                  .-.           o o                      
|   |   |-----.-----.-----.| |   .----..-----.-----.              
|       |     | __  |  ---'| '--.|  .-'|     |     |              
|   |   |  |  |     |---  ||  --'|  |  |  '  | | | |              
'---'---'--'--'--.  |-----''----''--'  '-----'-'-'-'              
                -'  |              
                '---'              
              
The Angstrom Distribution beagleboard ttyS0              
              
Angstrom v2012.12 - Kernel 4.4.62              
              
beagleboard login: [   12.158040] random: nonblocking pool is initialized       
root              
Last login: Sat Jan  1 00:03:09 UTC 2000 on ttyS0              
root@beagleboard:~# shutdownnow              
-sh: shutdownnow: not found              
root@beagleboard:~# shutdown now              
         Stopping WPA supplicant...              
[  OK  ] Stopped target Graphical Interface.              
[  OK  ] Stopped target Multi-User.              
         Stopping Connection service...              
         Stopping D-Bus System Message Bus...              
[  OK          Stopping System Logging Service...              
         Stopping Avahi mDNS/DNS-SD Stack...              
[  OK  ] Stopped Login Service.              
[  OK  ] Stopped Kernel Logging Service.              
[  OK  ] Stopped System Logging Service.              
[  OK  ] Stopped Avahi mDNS/DNS-SD Stack.              
[  OK  ] Stopped D-Bus System Message Bus.              
[  OK  ] Stopped Getty on tty1.              
[  OK  ] Stopped WPA supplicant.              
[  OK  ] Stopped Serial Getty on ttyS0.              
         Stopping Permit User Sessions...              
[  OK  ] Stopped Permit User Sessions.              
[  OK  ] Stopped target Remote File Systems.              
[  OK  ] Stopped Connection service.              
[  OK  ] Stopped target Basic System.              
[  OK  ] Stopped target Sockets.              
[  OK  ] Closed Avahi mDNS/DNS-SD Stack Activation Socket.              
[  OK  ] Closed dropbear.socket.              
[  OK  ] Closed Syslog Socket.              
[  OK  ] Closed D-Bus System Message Bus Socket.              
[  OK  ] Stopped target System Initialization.              
[  OK  ] Stopped target Swap.              
[  OK  ] Stopped target Local File Systems.              
         Unmounting /tmp...              
[  OK  ] Unmounted /tmp.              
[  OK  ] Reached target Unmount All Filesystems.              
[  OK  ] Stopped target Local File Systems (Pre).              
         Stopping Remount Root and Kernel File Systems...              
[  OK  ] Stopped Remount Root and Kernel File Systems.              
         Starting Save Random Seed...              
[  OK  ] Reached target Shutdown.              
Sending SIGTERM to remaining processes...              
[   32.858689] systemd-journald[102]: Received SIGTERM              
Sending SIGKILL to remaining processes...              
Unmounting file systems.              
Unmounting /sys/fs/fuse/connections.              
Unmounting /sys/kernel/config.              
Unmounting /sys/kernel/debug.              
Unmounting /dev/mqueue.              
[   33.254445] EXT4-fs (mmcblk0p2): re-mounted. Opts: (null)              
[   33.264159] EXT4-fs (mmcblk0p2): re-mounted. Opts: (null)              
[   33.270297] EXT4-fs (mmcblk0p2): re-mounted. Opts: (null)              
All filesystems unmounted.              
Deactivating swaps.              
All swaps deactivated.              
Detaching loop devices.              
All loop devices detached.              
Detaching DM devices.              
All DM devices detached.              
[   33.312927] musb-hdrc musb-hdrc.1.auto: remove, state 4              
[   33.318309] usb usb1: USB disconnect, device number 1              
[   33.324245] musb-hdrc musb-hdrc.1.auto: USB bus 1 deregistered              
[   33.335428] reboot: Power down              
[   33.338853] System will go to power_off state in approx. 1 second            
              
U-Boot SPL 2017.05-rc2 (May 02 2017 - 08:53:40)              
Trying to boot from MMC1              
*** Warning - bad CRC, using default environment              
              
reading u-boot.img              
reading u-boot.img              
              
--------------------------------------------------------------------------             
U-Boot 2013.04-dirty (Jun 19 2013 - 09:57:14)              
              
I2C:   ready              
DRAM:  512 MiB              
WARNING: Caches not enabled              
NAND:  No NAND device found!!!              
0 MiB              
MMC:   OMAP SD/MMC: 0, OMAP SD/MMC: 1              
*** Warning - readenv() failed, using default environment              
              
musb-hdrc: ConfigData=0xde (UTMI-8, dyn FIFOs, HB-ISO Rx, HB-ISO Tx, SoftConn)  
musb-hdrc: MHDRC RTL version 2.0               
musb-hdrc: setup fifo_mode 4              
musb-hdrc: 28/31 max ep, 16384/16384 memory              
USB Peripheral mode controller at 47401000 using PIO, IRQ 0              
musb-hdrc: ConfigData=0xde (UTMI-8, dyn FIFOs, HB-ISO Rx, HB-ISO Tx, SoftConn)  
musb-hdrc: MHDRC RTL version 2.0               
musb-hdrc: setup fifo_mode 4              
musb-hdrc: 28/31 max ep, 16384/16384 memory              
USB Host mode controller at 47401800 using PIO, IRQ 0              
Net:   <ethaddr> not set. Validating first E-fuse MAC              
cpsw, usb_ether              
Hit any key to stop autoboot:  0               
U-Boot#                          

U-Boot SPL 2017.05-rc2 (May 02 2017 - 08:53:40)
Trying to boot from MMC1
*** Warning - bad CRC, using default environment

reading u-boot.img
reading u-boot.img


U-Boot 2013.04-dirty (Jun 19 2013 - 09:57:14)

I2C:   ready
DRAM:  512 MiB
WARNING: Caches not enabled
NAND:  No NAND device found!!!
0 MiB
MMC:   OMAP SD/MMC: 0, OMAP SD/MMC: 1
*** Warning - readenv() failed, using default environment

musb-hdrc: ConfigData=0xde (UTMI-8, dyn FIFOs, HB-ISO Rx, HB-ISO Tx, SoftConn)
musb-hdrc: MHDRC RTL version 2.0 
musb-hdrc: setup fifo_mode 4
musb-hdrc: 28/31 max ep, 16384/16384 memory
USB Peripheral mode controller at 47401000 using PIO, IRQ 0
musb-hdrc: ConfigData=0xde (UTMI-8, dyn FIFOs, HB-ISO Rx, HB-ISO Tx, SoftConn)
musb-hdrc: MHDRC RTL version 2.0 
musb-hdrc: setup fifo_mode 4
musb-hdrc: 28/31 max ep, 16384/16384 memory
USB Host mode controller at 47401800 using PIO, IRQ 0
Net:   <ethaddr> not set. Validating first E-fuse MAC
cpsw, usb_ether
Hit any key to stop autoboot:  0 
gpio: pin 53 (gpio 53) value is 1
mmc0 is current device
micro SD card found
mmc0 is current device
gpio: pin 54 (gpio 54) value is 1
SD/MMC found on device 0
reading uEnv.txt
370 bytes read in 3 ms (120.1 KiB/s)
Loaded environment from uEnv.txt
Importing environment from mmc ...
Running uenvcmd ...
8645240 bytes read in 823 ms (10 MiB/s)
56827 bytes read in 15 ms (3.6 MiB/s)
## Booting kernel from Legacy Image at 82000000 ...
   Image Name:   Linux-4.4.62
   Image Type:   ARM Linux Kernel Image (uncompressed)
   Data Size:    8645176 Bytes = 8.2 MiB
   Load Address: 80008000
   Entry Point:  80008000
   Verifying Checksum ... OK
## Flattened Device Tree blob at 88000000
   Booting using the fdt blob at 0x88000000
   Loading Kernel Image ... OK
OK
   Using Device Tree in place at 88000000, end 88010dfa

Starting kernel ...

[    0.000000] Booting Linux on physical CPU 0x0
[    0.000000] Initializing cgroup subsys cpuset
[    0.000000] Initializing cgroup subsys cpu
[    0.000000] Initializing cgroup subsys cpuacct
[    0.000000] Linux version 4.4.62 (kiran@kiran-fastbitlab) (gcc version 6.3.1 20170109 (Linaro GCC 6.3-2017.02) ) #1 SMP Tue May 7
[    0.000000] CPU: ARMv7 Processor [413fc082] revision 2 (ARMv7), cr=10c5387d
[    0.000000] CPU: PIPT / VIPT nonaliasing data cache, VIPT aliasing instruction cache
[    0.000000] Machine model: TI AM335x BeagleBone Black
[    0.000000] cma: Reserved 48 MiB at 0x9c800000
[    0.000000] Memory policy: Data cache writeback
[    0.000000] CPU: All CPU(s) started in SVC mode.
[    0.000000] AM335X ES2.1 (sgx neon )
[    0.000000] PERCPU: Embedded 13 pages/cpu @df920000 s24268 r8192 d20788 u53248
[    0.000000] Built 1 zonelists in Zone order, mobility grouping on.  Total pages: 129408
[    0.000000] Kernel command line: console=ttyO0,115200n8 root=/dev/mmcblk0p2 rw
[    0.000000] PID hash table entries: 2048 (order: 1, 8192 bytes)
[    0.000000] Dentry cache hash table entries: 65536 (order: 6, 262144 bytes)
[    0.000000] Inode-cache hash table entries: 32768 (order: 5, 131072 bytes)
[    0.000000] Memory: 449872K/522240K available (11379K kernel code, 917K rwdata, 3796K rodata, 744K init, 907K bss, 23216K reserv)
[    0.000000] Virtual kernel memory layout:
[    0.000000]     vector  : 0xffff0000 - 0xffff1000   (   4 kB)
[    0.000000]     fixmap  : 0xffc00000 - 0xfff00000   (3072 kB)
[    0.000000]     vmalloc : 0xe0800000 - 0xff800000   ( 496 MB)
[    0.000000]     lowmem  : 0xc0000000 - 0xe0000000   ( 512 MB)
[    0.000000]     pkmap   : 0xbfe00000 - 0xc0000000   (   2 MB)
[    0.000000]     modules : 0xbf000000 - 0xbfe00000   (  14 MB)
[    0.000000]       .text : 0xc0008000 - 0xc0ed9e80   (15176 kB)
[    0.000000]       .init : 0xc0eda000 - 0xc0f94000   ( 744 kB)
[    0.000000]       .data : 0xc0f94000 - 0xc10795a8   ( 918 kB)
[    0.000000]        .bss : 0xc107c000 - 0xc115ed50   ( 908 kB)
[    0.000000] SLUB: HWalign=64, Order=0-3, MinObjects=0, CPUs=1, Nodes=1
[    0.000000] Hierarchical RCU implementation.
[    0.000000]  Build-time adjustment of leaf fanout to 32.
[    0.000000]  RCU restricting CPUs from NR_CPUS=2 to nr_cpu_ids=1.
[    0.000000] RCU: Adjusting geometry for rcu_fanout_leaf=32, nr_cpu_ids=1
[    0.000000] NR_IRQS:16 nr_irqs:16 16
[    0.000000] IRQ: Found an INTC at 0xfa200000 (revision 5.0) with 128 interrupts
[    0.000000] OMAP clockevent source: timer2 at 24000000 Hz
[    0.000016] sched_clock: 32 bits at 24MHz, resolution 41ns, wraps every 89478484971ns
[    0.000037] clocksource: timer1: mask: 0xffffffff max_cycles: 0xffffffff, max_idle_ns: 79635851949 ns
[    0.000049] OMAP clocksource: timer1 at 24000000 Hz
[    0.001031] clocksource_probe: no matching clocksources found
[    0.001232] Console: colour dummy device 80x30
[    0.001261] WAR

NING: Your 'console=ttyO0' has been replaced by 'ttyS0'
[    0.001269] This ensures that you still see kernel messages. Please
[    0.001275] update your kernel commandline.
[    0.001297] Calibrating delay loop... 995.32 BogoMIPS (lpj=1990656)
[    0.046820] pid_max: default: 32768 minimum: 301
[    0.046977] Security Framework initialized
[    0.046991] Yama: becoming mindful.
[    0.047028] AppArmor: AppArmor disabled by boot time parameter
[    0.047206] Mount-cache hash table entries: 1024 (order: 0, 4096 bytes)
[    0.047219] Mountpoint-cache hash table entries: 1024 (order: 0, 4096 bytes)
[    0.048078] Initializing cgroup subsys io
[    0.048112] Initializing cgroup subsys memory
[    0.048157] Initializing cgroup subsys devices
[    0.048176] Initializing cgroup subsys freezer
[    0.048192] Initializing cgroup subsys net_cls
[    0.048207] Initializing cgroup subsys perf_event
[    0.048223] Initializing cgroup subsys net_prio
[    0.048249] Initializing cgroup subsys pids
[    0.048305] CPU: Testing write buffer coherency: ok
[    0.048366] ftrace: allocating 34471 entries in 102 pages
[    0.145359] CPU0: thread -1, cpu 0, socket -1, mpidr 0
[    0.145489] Setting up static identity map for 0x80008280 - 0x800082e0
[    0.149674] Brought up 1 CPUs
[    0.149699] SMP: Total of 1 processors activated (995.32 BogoMIPS).
[    0.149707] CPU: All CPU(s) started in SVC mode.
[    0.151432] devtmpfs: initialized
[    0.169416] VFP support v0.3: implementor 41 architecture 3 part 30 variant c rev 3
[    0.189082] omap_hwmod: debugss: _wait_target_disable failed
[    0.243079] clocksource: jiffies: mask: 0xffffffff max_cycles: 0xffffffff, max_idle_ns: 7645041785100000 ns
[    0.243115] futex hash table entries: 256 (order: 2, 16384 bytes)
[    0.247278] xor: measuring software checksum speed
[    0.286820]    arm4regs  :  1219.000 MB/sec
[    0.326816]    8regs     :   957.000 MB/sec
[    0.366815]    32regs    :  1089.000 MB/sec
[    0.406814]    neon      :  1743.000 MB/sec
[    0.406823] xor: using 

function: neon (1743.000 MB/sec)
[    0.406864] pinctrl core: initialized pinctrl subsystem
[    0.408906] NET: Registered protocol family 16
[    0.411729] DMA: preallocated 256 KiB pool for atomic coherent allocations
[    0.412943] cpuidle: using governor ladder
[    0.412967] cpuidle: using governor menu
[    0.418609] OMAP GPIO hardware version 0.1
[    0.430786] No ATAGs?
[    0.430895] hw-breakpoint: debug architecture 0x4 unsupported.
[    0.431443] omap4_sram_init:Unable to allocate sram needed to handle errata I688
[    0.431457] omap4_sram_init:Unable to get sram pool needed to handle errata I688
[    0.510902] raid6: int32x1  gen()   250 MB/s
[    0.578864] raid6: int32x1  xor()   218 MB/s
[    0.646867] raid6: int32x2  gen()   324 MB/s
[    0.714845] raid6: int32x2  xor()   264 MB/s
[    0.782818] raid6: int32x4  gen()   302 MB/s
[    0.850904] raid6: int32x4  xor()   246 MB/s
[    0.918829] raid6: int32x8  gen()   294 MB/s
[    0.986880] raid6: int32x8  xor()   210 MB/s
[    1.054843] raid6: neonx1   gen()  1457 MB/s
[    1.122829] raid6: neonx1   xor()   846 MB/s
[    1.190820] raid6: neonx2   gen()  1924 MB/s
[    1.258815] raid6: neonx2   xor()  1199 MB/s
[    1.326825] raid6: neonx4   gen()  1951 MB/s
[    1.394833] raid6: neonx4   xor()  1208 MB/s
[    1.462869] raid6: neonx8   gen()  1104 MB/s
[    1.530827] raid6: neonx8   xor()   783 MB/s
[    1.530835] raid6: using algorithm neonx4 gen() 1951 MB/s
[    1.530842] raid6: .... xor() 1208 MB/s, rmw enabled
[    1.530849] raid6: using intx1 recovery algorithm
[    1.540334] edma 49000000.edma: TI EDMA DMA engine driver
[    1.544979] SCSI subsystem initialized
[    1.545777] usbcore: registered new interface driver usbfs
[    1.545856] usbcore: registered new interface driver hub
[    1.545964] usbcore: registered new device driver usb
[    1.546575] omap_i2c 44e0b000.i2c: could not find pctldev for node /ocp/l4_wkup@44c00000/scm@21e
[    1.546629] omap_i2c 4819c000.i2c: could not find pctldev for node /ocp/l4_wkup@44c00000/scm@21e
[    1.546754] media: Linux media interface: v0.10
[    1.546906] Linux video capture interface: v2.00
[    1.547031] pps_core: LinuxPPS API ver. 1 registered
[    1.547040] pps_core: Software ver. 5.3.6 - Copyright 2005-2007 Rodolfo Giometti <giometti@linu>
[    1.547067] PTP clock support registered
[    1.548003] omap-mailbox 480c8000.mailbox: omap mailbox rev 0x400
[    1.549478] NetLabel: Initializing
[    1.549494] NetLabel:  domain hash size = 128
[    1.549500] NetLabel:  protocols = UNLABELED CIPSOv4
[    1.549563] NetLabel:  unlabeled traffic allowed by default
[    1.549858] clocksource: Switched to clocksource timer1
[    1.661615] NET: Registered protocol family 2
[    1.662574] TCP established hash table entries: 4096 (order: 2, 16384 bytes)
[    1.662626] TCP bind hash table entries: 4096 (order: 3, 32768 bytes)
[    1.662684] TCP: Hash tables configured (established 4096 bind 4096)
[    1.662761] UDP hash table entries: 256 (order: 1, 8192 bytes)
[    1.662781] UDP-Lite hash table entries: 256 (order: 1, 8192 bytes)
[    1.663111] NET: Registered protocol family 1
[    1.663734] RPC: Registered named UNIX socket transport module.
[    1.663749] RPC: Registered udp transport module.
[    1.663756] RPC: Registered tcp transport module.
[    1.663762] RPC: Registered tcp NFSv4.1 backchannel transport module.
[    1.664733] hw pe

rfevents: enabled with armv7_cortex_a8 PMU driver, 5 counters available
[    1.667606] audit: initializing netlink subsys (disabled)
[    1.667701] audit: type=2000 audit(1.600:1): initialized
[    1.678198] zbud: loaded
[    1.678973] VFS: Disk quotas dquot_6.6.0
[    1.679254] VFS: Dquot-cache hash table entries: 1024 (order 0, 4096 bytes)
[    1.682059] NFS: Registering the id_resolver key type
[    1.682141] Key type id_resolver registered
[    1.682150] Key type id_legacy registered
[    1.682180] nfs4filelayout_init: NFSv4 File Layout Driver Registering...
[    1.682553] fuse init (API version 7.23)
[    1.683206] SGI XFS with ACLs, security attributes, realtime, no debug enabd
[    1.691808] Block layer SCSI generic (bsg) driver version 0.4 loaded (major)
[    1.692085] io scheduler noop registered
[    1.692103] io scheduler deadline registered
[    1.692172] io scheduler cfq registered (default)
[    1.693558] pinctrl-single 44e10800.pinmux: 142 pins at pa f9e10800 size 568
[    1.695614] wkup_m3_ipc 44e11324.wkup_m3_ipc: could not get rproc handle
[    1.696988] Serial: 8250/16550 driver, 6 ports, IRQ sharing disabled
[    1.700414] 44e09000.serial: ttyS0 at MMIO 0x44e09000 (irq = 158, base_baud0
[    2.571322] console [ttyS0] enabled
[    2.576412] [drm] Initialized drm 1.1.0 20060810

[    2.633883] davinci_mdio 4a101000.mdio: davinci mdio revision 6
[    2.640059] davinci_mdio 4a101000.mdio: detected phy mask ffffe
[    2.646668] davinci_mdio: dt: updated phy_id[0] from phy_mask[]
[    2.654660] libphy: 4a101000.mdio: probed
[    2.658786] davinci_mdio 4a101000.mdio: phy[0]: device 4a101000
[    2.668837] cpsw 4a100000.ethernet: Detected MACID = 0c:b2:b7:5
[    2.675704] cpsw 4a100000.ethernet: cpts: overflow check perio5
[    2.684005] ehci_hcd: USB 2.0 'Enhanced' Host Controller (EHCIr
[    2.690797] ehci-platform: EHCI generic platform driver
[    2.696361] ehci-omap: OMAP-EHCI Host Controller driver
[    2.702146] usbcore: registered new interface driver usb-storae
[    2.710433] 47401300.usb-phy supply vcc not found, using dummyr
[    2.721458] 47401b00.usb-phy supply vcc not found, using dummyr
[    2.730842] musb-hdrc musb-hdrc.1.auto: MUSB HDRC host driver
[    2.736703] musb-hdrc musb-hdrc.1.auto: new USB bu1[    2.744889] usb usb1: New USB device found, idVend2[    2.751770] usb 
.759049] usb usb1: Product: MUSB HDRC host driver
[    2.764053] usb usb1: Manufacturer: Linux 4.4.62 md
[    2.769491] usb usb1: SerialNumber: musb-hdrc.1.auo
[    2.775525] hub 1-0:1.0: USB hub found
[    2.779487] hub 1-0:1.0: 1 port detected
[    2.793022] mousedev: PS/2 mouse device common fore
[    2.801300] omap_rtc 44e3e000.rtc: rtc core: regis0
[    2.809411] i2c /dev entries driver
[    2.814741] omap_wdt: OMAP Watchdog Timer Rev 0x01c
[    2.822162] cpuidle: enable-method property 'ti,ams
[    2.829662] omap_hsmmc 48060000.mmc: Got CD GPIO
[    2.899433] hidraw: raw HID events driver (C) Jiria
[    2.905718] usbcore: registered new interface drivd
[    2.911397] usbhid: USB HID core driver
[    2.915670] ashmem: initialized
[    2.919905]  remoteproc0: wkup_m3 is available
[    2.924445]  remoteproc0: Note: remoteproc is stil.
[    2.933493]  remoteproc0: THE BINARY FORMAT IS NOT.
[    2.948113] NET: Registered protocol family 10
[    2.954523] mip6: Mobile IPv6
[    2.957688] NET: Registered protocol family 17     
[    2.962241] mmc0: host does not support reading ree
[    2.970475] Key type dns_resolver registered       
[    2.974807] mpls_gso: MPLS GSO support             
[    2.978818] omap_voltage_late_init: Voltage driverd
[    2.985380] mmc0: new high speed SDHC card at addra
[    2.992095] PM: Cannot get wkup_m3_ipc handle      
[    2.997629] ThumbEE CPU extension supported.       
[    3.002145] mmcblk0: mmc0:aaaa SC32G 29.7 GiB      
[    3.007585] Registering SWP/SWPB emulation handler 
[    3.012640]  mmcblk0: p1 p2                        
[    3.017627] registered taskstats version 1         
[    3.022261] zswap: loaded using pool lzo/zbud      
[    3.034524] Btrfs loaded                           
[    3.042691] Key type encrypted registered          
[    3.049788] input: tps65217_pwr_but as /devices/pl0
[    3.073132] mmc1: MAN_BKOPS_EN bit is not set      
[    3.082126] mmc1: new high speed MMC card at addre1
[    3.090225] mmcblk1: mmc1:0001 M62704 3.56 GiB     
[    3.096208] mmcblk1boot0: mmc1:0001 M62704 partitiB
[    3.103575] mmcblk1boot1: mmc1:0001 M62704 partitiB
[    3.110841] tps65217 0-0024: TPS65217 ID 0xe versi2
[    3.117742]  mmcblk1: p1                           
[    3.120767] at24 0-0050: 32768 byte 24c256 EEPROM,e
[    3.130304] omap_i2c 44e0b000.i2c: bus 0 rev0.11 az
[    3.138113] at24 2-0054: 32768 byte 24c256 EEPROM,e
[    3.145535] at24 2-0055: 32768 byte 24c256 EEPROM,e
[    3.152910] at24 2-0056: 32768 byte 24c256 EEPROM,e
[    3.160257] at24 2-0057: 32768 byte 24c256 EEPROM,e
[    3.167234] omap_i2c 4819c000.i2c: bus 2 rev0.11 az
[    3.174192]  remoteproc0: powering up wkup_m3      
[    3.178677]  remoteproc0: Booting fw image am335x-8
[    3.186256]  remoteproc0: remote processor wkup_m3p
[    3.191957] wkup_m3_ipc 44e11324.wkup_m3_ipc: CM3 2
[    3.203484] bone_capemgr bone_capemgr: Baseboard: '
[    3.210849] bone_capemgr bone_capemgr: compatible-4
[    3.257868] bone_capemgr bone_capemgr: slot #0: Nod
[    3.301860] bone_capemgr bone_capemgr: slot #1: Nod
[    3.345859] bone_capemgr bone_capemgr: slot #2: Nod
[    3.389858] bone_capemgr bone_capemgr: slot #3: Nod
[    3.395754] bone_capemgr bone_capemgr: initialized.
[    3.403144] PM: bootloader does not support rtc-on!
[    3.409381] omap_rtc 44e3e000.rtc: setting system )
[    3.418253] of_cfs_init                            
[    3.420841] of_cfs_init: OK                        
[    3.433373] EXT4-fs (mmcblk0p2): mounting ext3 film
[    3.471592] EXT4-fs (mmcblk0p2): mounted filesyste)
[    3.479933] VFS: Mounted root (ext3 filesystem) on.
[    3.493234] devtmpfs: mounted                      
[    3.497149] Freeing unused kernel memory: 744K (c0)
[    3.775429] systemd[1]: systemd 196 running in sys)
                                                      
Welcome to The �Ångstr�öm Distribution!               
                                                      
[    3.806077] systemd[1]: Set hostname to <beagleboa.
[    3.821795] random: systemd: uninitialized urandom)
[    4.019755] systemd[1]: Cannot add dependency job .
[    4.042442] systemd[1]: Expecting device dev-ttyS0
         Expecting device dev-ttyS0.device...
[    4.054447] systemd[1]: Expecting device dev-ttyO2
         Expecting device dev-ttyO2.device...
[    4.066529] systemd[1]: Starting Forward Password 
[    4.074869] systemd[1]: Started Forward Password R
[    4.082693] systemd[1]: Starting Syslog Socket.
[  OK  ] Listening on Syslog Socket.         

[    4.094482] systemd[1]: Listening on Sysl.
[    4.099613] systemd[1]: Starting Remote F.
[  OK  ] Reached target Remote File Systems.
[    4.118398] systemd[1]: Reached target Re.
[    4.124250] systemd[1]: Starting /dev/ini.
[  OK  ] Listening on /dev/initctl Compatibi.
[    4.142405] systemd[1]: Listening on /dev.
[    4.149647] systemd[1]: Starting Delayed .
[  OK  ] Listening on Delayed Shutdown Socke.
[    4.162395] systemd[1]: Listening on Dela.
[    4.169013] systemd[1]: Starting udev Ker.
[  OK  ] Listening on udev Kernel Socket.
[    4.182477] systemd[1]: Listening on udev.
[    4.188544] systemd[1]: Starting udev Con.
[  OK  ] Listening on udev Control Socket.
[    4.202481] systemd[1]: Listening on udev.
[    4.208214] systemd[1]: Starting Dispatch.
[    4.216700] systemd[1]: Started Dispatch .
[    4.225016] systemd[1]: Starting Arbitrar.
[  OK  ] Set up automount Arbitrary Executab.
[    4.246488] systemd[1]: Set up automount .
[    4.256153] systemd[1]: Starting Swap.    
[  OK  ] Reached target Swap.                
[    4.266397] systemd[1]: Reached target Sw.
[    4.270973] systemd[1]: Starting Journal .
[  OK  ] Listening on Journal Socket.        
[    4.282396] systemd[1]: Listening on Jour.
[    4.287666] systemd[1]: Starting Syslog.  
[  OK  ] Reached target Syslog.              
[    4.298396] systemd[1]: Reached target Sy.
[    4.303193] systemd[1]: Started File Syst.
[    4.309482] systemd[1]: Starting Remount .
         Starting Remount Root and Kernel Fi.
[    4.330258] systemd[1]: Mounted Huge Page.
[    4.337459] systemd[1]: Mounting POSIX Me.
         Mounting POSIX Message Queue File S.
[    4.365147] systemd[1]: Started Apply Ker.
[    4.374296] systemd[1]: Starting udev Ker.
         Starting udev Kernel Device Manager.
[    4.397720] systemd[1]: Mounting Debug Fi.
         Mounting Debug File System...       
[    4.435126] systemd[1]: Started Load Kern.
[    4.450939] systemd[1]: Starting udev Col.
         Starting udev Coldplug all Devices..
[    4.473473] systemd[1]: Starting Journal .
         Starting Journal Service...         
[  OK  ] Started Journal Service.            
[    4.510343] systemd[1]: Started Journal S.
[    4.520912] systemd[1]: Started Machine I.
[    4.532633] systemd[1]: Mounting Configur.
[    4.542123] EXT4-fs (mmcblk0p2): re-mount)
         Mounting Configuration File System..
[    4.560138] systemd[1]: Started Set Up Ad.
[    4.571408] systemd-udevd[96]: starting v6
[    4.577226] systemd[1]: Mounting FUSE Con.
         Mounting FUSE Control File System...
[  OK  ] Started udev Kernel Device Manager. 
[    4.614585] systemd[1]: Started udev Kern.
[  OK  ] Mounted POSIX Message Queue File Sy.
[    4.642365] systemd[1]: Mounted POSIX Mes.
[  OK  ] Started Remount Root and Kernel Fil.
[    4.678312] systemd[1]: Started Remount R.
[    4.692191] random: systemd-journal: unin)
[  OK  ] Mounted Debug File System.          
[    4.710304] systemd[1]: Mounted Debug Fil.
[  OK  ] Mounted Configuration File System.  
[    4.730430] systemd[1]: Mounted Configura.
[  OK  ] Mounted FUSE Control File System.   
[    4.750426] systemd[1]: Mounted FUSE Cont.
[    4.760068] systemd[1]: Starting Local Fi.
[  OK  ] Reached target Local File Systems (.
[    4.786313] systemd[1]: Reached target Lo.
[    4.796942] systemd[1]: Mounting /tmp...  
         Mounting /tmp...                    
[    4.825816] systemd[1]: Starting Load Ran.
         Starting Load Random Seed...        
[  OK  ] Mounted /tmp.                       
[  OK  ] Reached target Local File Systems.  
         Starting Recreate Volatile Files an.
         Starting Trigger Flushing of Journa.
[    4.943510] random: systemd-random-: unin)
[  OK  ] Started Load Random Seed.           
[  OK  ] Started Trigger Flushing of Journal.
[  OK  ] Started Recreate Volatile Files and.
[  OK  ] Reached target System Initializatio.
[  OK  ] Listening on Avahi mDNS/DNS-SD Stac.
[  OK  ] Listening on D-Bus System Message B.
[  OK  ] Listening on dropbear.socket.       
[  OK  ] Reached target Sockets.             
[  OK  ] Reached target Basic System.        
         Starting Connection service...      
         Starting D-Bus System Message Bus...
[  OK  ] Started D-Bus System Message Bus.   
         Starting Login Service...           
         Starting Kernel Logging Service...  
[  OK  ] Started Kernel Logging Service.     
         Starting System Logging Service...  
[  OK  ] Started System Logging Service.     
         Starting Permit User Sessions...    
         Starting Avahi mDNS/DNS-SD Stack... 
[    5.392757] random: dbus-daemon: uninitia)
[  OK  ] Started Permit User Sessions.       
         Starting Getty on tty1...           
[  OK  ] Started Getty on tty1.              
[    5.477364] random: avahi-daemon: uniniti)
[    5.592252] random: dbus-daemon: uninitia)
[  OK  ] Started udev Coldplug all Devices.  
[  OK  ] Started Connection service.         
[  OK  ] Started Login Service.              
[    5.793769] systemd-journald[102]: Receiv1
[  OK  ] Started Avahi mDNS/DNS-SD Stack.    
         Starting WPA supplicant...          
[  OK  ] Started WPA supplicant.             
[    6.974764] net eth0: initializing cpsw v)
[    6.980165] net eth0: initialized cpsw al4
[    6.985354] net eth0: ALE Table size 1024 
[    7.054470] net eth0: phy found : id is :1
[    7.084569] IPv6: ADDRCONF(NETDEV_UP): ety
[  OK  ] Found device /dev/ttyS0.            
         Starting Serial Getty on ttyS0...   
[                                            
.---O---.                                    
|       |                  .-.           o o 
|   |   |-----.-----.-----.| |   .----..----.
|       |     | __  |  ---'| '--.|  .-'|    |
|   |   |  |  |     |---  ||  --'|  |  |  ' |
'---'---'--'--'--.  |-----''----''--'  '----'
                -'  |                        
                '---'                        
                                             
The Angstrom Distribution beagleboard ttyS0  
                                             
Angstrom v2012.12 - Kernel 4.4.62            
                                             
beagleboard login: [   10.005876] random: nod
                                             
U-Boot SPL 2017.05-rc2 (May 02 2017 - 08:53:)
Trying to boot from MMC1                     
*** Warning - bad CRC, using default environt
                                             
reading u-boot.img                           
reading u-boot.img                           
                                             
----------------------------------------------------------------------------------------------                                             
U-Boot 2013.04-dirty (Jun 19 2013 - 09:57:14)
                                             
I2C:   ready                                 
DRAM:  512 MiB                               
WARNING: Caches not enabled                  
NAND:  No NAND device found!!!               
0 MiB                                        
MMC:   OMAP SD/MMC: 0, OMAP SD/MMC: 1        
*** Warning - readenv() failed, using default
                                             
musb-hdrc: ConfigData=0xde (UTMI-8, dyn FIFO)
musb-hdrc: MHDRC RTL version 2.0             
musb-hdrc: setup fifo_mode 4                 
musb-hdrc: 28/31 max ep, 16384/16384 memory  
USB Peripheral mode controller at 47401000 u0
musb-hdrc: ConfigData=0xde (UTMI-8, dyn FIFO)
musb-hdrc: MHDRC RTL version 2.0             
musb-hdrc: setup fifo_mode 4                 
musb-hdrc: 28/31 max ep, 16384/16384 memory  
USB Host mode controller at 47401800 using P0
Net:   <ethaddr> not set. Validating first EC
Phy not found                                
PHY reset timed out                          
cpsw, usb_ether                              
Hit any key to stop autoboot:  0             
===========U-Boot# help                                 
?       - alias for 'help'                   
askenv  - get environment variables from stdn
base    - print or set address offset        
bdinfo  - print Board Info structure         
boot    - boot default, i.e., run 'bootcmd'  
bootd   - boot default, i.e., run 'bootcmd'  
bootm   - boot application image from memory 
bootp   - boot image via network using BOOTPl
bootz   - boot Linux zImage image from memory
chpart  - change active partition            
cmp     - memory compare                     
coninfo - print console devices and informatn
cp      - memory copy                        
crc32   - checksum calculation               
dfu     - Device Firmware Upgrade            
dhcp    - boot image via network using DHCP/l
echo    - echo args to console               
editenv - edit environment variable          
eeprom  - EEPROM sub-system                  
env     - environment handling commands      
exit    - exit script                        
ext2load- load binary file from a Ext2 filesm
ext2ls  - list files in a directory (default)
ext4load- load binary file from a Ext4 filesm
ext4ls  - list files in a directory (default)
false   - do nothing, unsuccessfully         
fatinfo - print information about filesystem 
fatload - load binary file from a dos filesym
fatls   - list files in a directory (default)
fatwrite- write file into a dos filesystem   
fdt     - flattened device tree utility comms
go      - start application at address 'addr'
gpio    - input/set/clear/toggle gpio pins   
help    - print command description/usage    
i2c     - I2C sub-system                     
iminfo  - print header information for applie
imxtract- extract a part of a multi-image    
itest   - return true/false on integer compae
load    - load binary file from a filesystem 
loadb   - load binary file over serial line )
loads   - load S-Record file over serial line
loady   - load binary file over serial line )
loop    - infinite loop on address range     
ls      - list files in a directory (default)
md      - memory display                     
mm      - memory modify (auto-incrementing a)
mmc     - MMC sub system                     
mmcinfo - display MMC info                   
mtdparts- define flash/nand partitions       
mtest   - simple RAM read/write test         
mw      - memory write (fill)                
nand    - NAND sub-system                    
nboot   - boot from NAND device              
nfs     - boot image via network using NFS pl
nm      - memory modify (constant address)   
ping    - send ICMP ECHO_REQUEST to network t
printenv- print environment variables        
reset   - Perform RESET of the CPU           
run     - run commands in an environment vare
saveenv - save environment variables to perse
setenv  - set environment variables          
sf      - SPI flash sub-system               
showvar - print local hushshell variables    
sleep   - delay execution for some time      
source  - run script from memory             
test    - minimal test like /bin/sh          
tftpboot- boot image via network using TFTP l
true    - do nothing, successfully           
usb     - USB sub-system                     
usbboot - boot from USB device               
version - print monitor, compiler and linkern
U-Boot#                                      
U-Boot SPL 2017.05-rc2 (May 02 2017 - 08:53:)
Trying to boot from MMC1                     
*** Warning - bad CRC, using default environt
                                             
reading u-boot.img                           
reading u-boot.img                           
                                             
------------------------------------------------------------------------------------                                            
U-Boot 2013.04-dirty (Jun 19 2013 - 09:57:14)
                                             
I2C:   ready                                 
DRAM:  512 MiB                               
WARNING: Caches not enabled                  
NAND:  No NAND device found!!!               
0 MiB                                        
MMC:   OMAP SD/MMC: 0, OMAP SD/MMC: 1        
*** Warning - readenv() failed, using default
                                             
musb-hdrc: ConfigData=0xde (UTMI-8, dyn FIFO)
musb-hdrc: MHDRC RTL version 2.0             
musb-hdrc: setup fifo_mode 4                 
musb-hdrc: 28/31 max ep, 16384/16384 memory  
USB Peripheral mode controller at 47401000 u0
musb-hdrc: ConfigData=0xde (UTMI-8, dyn FIFO)
musb-hdrc: MHDRC RTL version 2.0             
musb-hdrc: setup fifo_mode 4                 
musb-hdrc: 28/31 max ep, 16384/16384 memory  
USB Host mode controller at 47401800 using P0
Net:   <ethaddr> not set. Validating first EC
Phy not found                                
PHY reset timed out                          
cpsw, usb_ether                              
Hit any key to stop autoboot:  0             
gpio: pin 53 (gpio 53) value is 1            
mmc0 is current device                       
micro SD card found                          
mmc0 is current device                       
gpio: pin 54 (gpio 54) value is 1            
SD/MMC found on device 0                     
reading uEnv.txt                             
370 bytes read in 2 ms (180.7 KiB/s)         
Loaded environment from uEnv.txt             
Importing environment from mmc ...           
Running uenvcmd ...                          
8645240 bytes read in 823 ms (10 MiB/s)      
56827 bytes read in 15 ms (3.6 MiB/s)        
## Booting kernel from Legacy Image at 82000.
   Image Name:   Linux-4.4.62                
   Image Type:   ARM Linux Kernel Image (unc)
   Data Size:    8645176 Bytes = 8.2 MiB     
   Load Address: 80008000                    
   Entry Point:  80008000                    
   Verifying Checksum ... OK                 
## Flattened Device Tree blob at 88000000    
   Booting using the fdt blob at 0x88000000  
   Loading Kernel Image ... OK               
OK                                           
   Using Device Tree in place at 88000000, ea
                                             
Starting kernel ...                          
                                             
[    0.000000] Booting Linux on physical CPU0
[    0.000000] Initializing cgroup subsys cpt
[    0.000000] Initializing cgroup subsys cpu
[    0.000000] Initializing cgroup subsys cpt
[    0.000000] Linux version 4.4.62 (kiran@k7
[    0.000000] CPU: ARMv7 Processor [413fc08d
[    0.000000] CPU: PIPT / VIPT nonaliasing e
[    0.000000] Machine model: TI AM335x Beagk
[    0.000000] cma: Reserved 48 MiB at 0x9c80
[    0.000000] Memory policy: Data cache wrik
[    0.000000] CPU: All CPU(s) started in SV.
[    0.000000] AM335X ES2.1 (sgx neon )      
[    0.000000] PERCPU: Embedded 13 pages/cpu8
[    0.000000] Built 1 zonelists in Zone ord8
[    0.000000] Kernel command line: console=w
[    0.000000] PID hash table entries: 2048 )
[    0.000000] Dentry cache hash table entri)
[    0.000000] Inode-cache hash table entrie)
[    0.000000] Memory: 449872K/522240K avail)
[    0.000000] Virtual kernel memory layout: 
[    0.000000]     vector  : 0xffff0000 - 0x)
[    0.000000]     fixmap  : 0xffc00000 - 0x)
[    0.000000]     vmalloc : 0xe0800000 - 0x)
[    0.000000]     lowmem  : 0xc0000000 - 0x)
[    0.000000]     pkmap   : 0xbfe00000 - 0x)
[    0.000000]     modules : 0xbf000000 - 0x)
[    0.000000]       .text : 0xc0008000 - 0x)
[    0.000000]       .init : 0xc0eda000 - 0x)
[    0.000000]       .data : 0xc0f94000 - 0x)
[    0.000000]        .bss : 0xc107c000 - 0x)
[    0.000000] SLUB: HWalign=64, Order=0-3, 1
[    0.000000] Hierarchical RCU implementati.
[    0.000000]  Build-time adjustment of lea.
[    0.000000]  RCU restricting CPUs from NR.
[    0.000000] RCU: Adjusting geometry for r1
[    0.000000] NR_IRQS:16 nr_irqs:16 16      
[    0.000000] IRQ: Found an INTC at 0xfa200s
[    0.000000] OMAP clockevent source: timerz
[    0.000015] sched_clock: 32 bits at 24MHzs
[    0.000037] clocksource: timer1: mask: 0xs
[    0.000049] OMAP clocksource: timer1 at 2z
[    0.001029] clocksource_probe: no matchind
[    0.001232] Console: colour dummy device 0
[    0.001259] WARNING: Your 'console=ttyO0''
[    0.001266] This ensures that you still se
[    0.001273] update your kernel commandlin.
[    0.001294] Calibrating delay loop... 995)
[    0.046822] pid_max: default: 32768 minim1
[    0.046982] Security Framework initialized
[    0.046998] Yama: becoming mindful.       
[    0.047035] AppArmor: AppArmor disabled br
[    0.047214] Mount-cache hash table entrie)
[    0.047226] Mountpoint-cache hash table e)
[    0.048085] Initializing cgroup subsys io 
[    0.048120] Initializing cgroup subsys mey
[    0.048165] Initializing cgroup subsys des
[    0.048185] Initializing cgroup subsys frr
[    0.048200] Initializing cgroup subsys nes
[    0.048215] Initializing cgroup subsys pet
[    0.048230] Initializing cgroup subsys neo
[    0.048256] Initializing cgroup subsys pis
[    0.048317] CPU: Testing write buffer cohk
[    0.048380] ftrace: allocating 34471 entrs
[    0.145391] CPU0: thread -1, cpu 0, socke0
[    0.145523] Setting up static identity ma0
[    0.149709] Brought up 1 CPUs             
[    0.149734] SMP: Total of 1 processors ac.
[    0.149742] CPU: All CPU(s) started in SV.
[    0.151479] devtmpfs: initialized         
[    0.169441] VFP support v0.3: implementor3
[    0.189095] omap_hwmod: debugss: _wait_tad
[    0.243071] clocksource: jiffies: mask: 0s
[    0.243109] futex hash table entries: 256)
[    0.247244] xor: measuring software checkd
[    0.286821]    arm4regs  :  1219.000 MB/sc
[    0.326818]    8regs     :   957.000 MB/sc
[    0.366816]    32regs    :  1089.000 MB/sc
[    0.406816]    neon      :  1743.000 MB/sc
[    0.406824] xor: using function: neon (17)
[    0.406869] pinctrl core: initialized pinm
[    0.408917] NET: Registered protocol fami6
[    0.411728] DMA: preallocated 256 KiB poos
[    0.412949] cpuidle: using governor ladder
[    0.412970] cpuidle: using governor menu  
[    0.418606] OMAP GPIO hardware version 0.1
[    0.430797] No ATAGs?                     
[    0.430909] hw-breakpoint: debug architec.
[    0.431457] omap4_sram_init:Unable to all8
[    0.431473] omap4_sram_init:Unable to get8
[    0.511082] raid6: int32x1  gen()   251 Ms
[    0.578842] raid6: int32x1  xor()   218 Ms
[    0.646835] raid6: int32x2  gen()   324 Ms
[    0.714840] raid6: int32x2  xor()   264 Ms
[    0.782985] raid6: int32x4  gen()   303 Ms
[    0.850910] raid6: int32x4  xor()   246 Ms
[    0.918830] raid6: int32x8  gen()   294 Ms
[    0.986876] raid6: int32x8  xor()   210 Ms
[    1.054831] raid6: neonx1   gen()  1455 Ms
[    1.122831] raid6: neonx1   xor()   846 Ms
[    1.190831] raid6: neonx2   gen()  1924 Ms
[    1.258823] raid6: neonx2   xor()  1196 Ms
[    1.326817] raid6: neonx4   gen()  1950 Ms
[    1.394829] raid6: neonx4   xor()  1208 Ms
[    1.462867] raid6: neonx8   gen()  1104 Ms
[    1.530855] raid6: neonx8   xor()   783 Ms
[    1.530864] raid6: using algorithm neonx4s
[    1.530870] raid6: .... xor() 1208 MB/s, d
[    1.530877] raid6: using intx1 recovery am
[    1.540376] edma 49000000.edma: TI EDMA Dr
[    1.545041] SCSI subsystem initialized    
[    1.545843] usbcore: registered new inters
[    1.545922] usbcore: registered new interb
[    1.546028] usbcore: registered new devicb
[    1.546622] omap_i2c 44e0b000.i2c: could e
[    1.546674] omap_i2c 4819c000.i2c: could e
[    1.546797] media: Linux media interface:0
[    1.546949] Linux video capture interface0
[    1.547071] pps_core: LinuxPPS API ver. 1d
[    1.547080] pps_core: Software ver. 5.3.6>
[    1.547107] PTP clock support registered  
[    1.548042] omap-mailbox 480c8000.mailbox0
[    1.549514] NetLabel: Initializing        
[    1.549530] NetLabel:  domain hash size =8
[    1.549536] NetLabel:  protocols = UNLABE4
[    1.549597] NetLabel:  unlabeled traffic t
[    1.549895] clocksource: Switched to cloc1
[    1.661600] NET: Registered protocol fami2
[    1.662552] TCP established hash table en)
[    1.662604] TCP bind hash table entries: )
[    1.662663] TCP: Hash tables configured ()
[    1.662740] UDP hash table entries: 256 ()
[    1.662761] UDP-Lite hash table entries: )
[    1.663091] NET: Registered protocol fami1
[    1.663714] RPC: Registered named UNIX so.
[    1.663729] RPC: Registered udp transport.
[    1.663736] RPC: Registered tcp transport.
[    1.663743] RPC: Registered tcp NFSv4.1 b.
[    1.664721] hw perfevents: enabled with ae
[    1.667543] audit: initializing netlink s)
[    1.667637] audit: type=2000 audit(1.600:d
[    1.678146] zbud: loaded                  
[    1.678923] VFS: Disk quotas dquot_6.6.0  
[    1.679204] VFS: Dquot-cache hash table e)
[    1.681864] NFS: Registering the id_resole
[    1.682085] Key type id_resolver registerd
[    1.682095] Key type id_legacy registered 
[    1.682134] nfs4filelayout_init: NFSv4 Fi.
[    1.682512] fuse init (API version 7.23)  
[    1.683168] SGI XFS with ACLs, security ad
[    1.691739] Block layer SCSI generic (bsg)
[    1.692011] io scheduler noop registered  
[    1.692028] io scheduler deadline registed
[    1.692099] io scheduler cfq registered ()
[    1.693481] pinctrl-single 44e10800.pinmu8
[    1.695550] wkup_m3_ipc 44e11324.wkup_m3_e
[    1.696915] Serial: 8250/16550 driver, 6 d
[    1.700344] 44e09000.serial: ttyS0 at MMI0
[    2.571243] console [ttyS0] enabled       
[    2.576340] [drm] Initialized drm 1.1.0 20
[    2.633922] davinci_mdio 4a101000.mdio: d6
[    2.640096] davinci_mdio 4a101000.mdio: db
[    2.646703] davinci_mdio: dt: updated phy]
[    2.654685] libphy: 4a101000.mdio: probed 
[    2.658812] davinci_mdio 4a101000.mdio: p0
[    2.668867] cpsw 4a100000.ethernet: Detec5
[    2.675730] cpsw 4a100000.ethernet: cpts:5
[    2.684032] ehci_hcd: USB 2.0 'Enhanced' r
[    2.690821] ehci-platform: EHCI generic pr
[    2.696379] ehci-omap: OMAP-EHCI Host Conr
[    2.702161] usbcore: registered new intere
[    2.710430] 47401300.usb-phy supply vcc nr
[    2.721462] 47401b00.usb-phy supply vcc nr
[    2.730877] musb-hdrc musb-hdrc.1.auto: Mr
[    2.736739] musb-hdrc musb-hdrc.1.auto: n1
[    2.744933] usb usb1: New USB device foun2
[    2.751812] usb usb1: New USB device stri1
[    2.759090] usb usb1: Product: MUSB HDRC r
[    2.764095] usb usb1: Manufacturer: Linuxd
[    2.769533] usb usb1: SerialNumber: musb-o
[    2.775556] hub 1-0:1.0: USB hub found    
[    2.779515] hub 1-0:1.0: 1 port detected  
[    2.793076] mousedev: PS/2 mouse device ce
[    2.800972] omap_rtc 44e3e000.rtc: alreadg
[    2.806414] omap_rtc 44e3e000.rtc: rtc co0
[    2.814517] i2c /dev entries driver       
[    2.819702] omap_wdt: OMAP Watchdog Timerc
[    2.827100] cpuidle: enable-method propers
[    2.834619] omap_hsmmc 48060000.mmc: Got O
[    2.903480] hidraw: raw HID events drivera
[    2.909761] usbcore: registered new interd
[    2.915441] usbhid: USB HID core driver   
[    2.919831] ashmem: initialized           
[    2.923947]  remoteproc0: wkup_m3 is avaie
[    2.928484]  remoteproc0: Note: remotepro.
[    2.937529]  remoteproc0: THE BINARY FORM.
[    2.952134] NET: Registered protocol fami0
[    2.958566] mip6: Mobile IPv6             
[    2.961734] NET: Registered protocol fami7
[    2.966292] mmc0: host does not support re
[    2.974518] Key type dns_resolver registed
[    2.978853] mpls_gso: MPLS GSO support    
[    2.982861] omap_voltage_late_init: Voltad
[    2.989427] mmc0: new high speed SDHC cara
[    2.996150] PM: Cannot get wkup_m3_ipc hae
[    3.001678] ThumbEE CPU extension support.
[    3.006195] mmcblk0: mmc0:aaaa SC32G 29.7 
[    3.011622] Registering SWP/SWPB emulatior
[    3.016674]  mmcblk0: p1 p2               
[    3.021651] registered taskstats version 1
[    3.026327] zswap: loaded using pool lzo/d
[    3.038605] Btrfs loaded                  
[    3.046729] Key type encrypted registered 
[    3.053802] input: tps65217_pwr_but as /d0
[    3.077160] mmc1: MAN_BKOPS_EN bit is nott
[    3.086366] mmc1: new high speed MMC card1
[    3.094500] mmcblk1: mmc1:0001 M62704 3.5 
[    3.100637] mmcblk1boot0: mmc1:0001 M6270B
[    3.108346] tps65217 0-0024: TPS65217 ID 2
[    3.114029] mmcblk1boot1: mmc1:0001 M6270B
[    3.120641] at24 0-0050: 32768 byte 24c25e
[    3.128898] omap_i2c 44e0b000.i2c: bus 0 z
[    3.134760]  mmcblk1: p1                  
[    3.141609] at24 2-0054: 32768 byte 24c25e
[    3.149247] at24 2-0055: 32768 byte 24c25e
[    3.156720] at24 2-0056: 32768 byte 24c25e
[    3.164088] at24 2-0057: 32768 byte 24c25e
[    3.171074] omap_i2c 4819c000.i2c: bus 2 z
[    3.178046]  remoteproc0: powering up wku3
[    3.182523]  remoteproc0: Booting fw imag8
[    3.190120]  remoteproc0: remote processop
[    3.195820] wkup_m3_ipc 44e11324.wkup_m3_2
[    3.207352] bone_capemgr bone_capemgr: Ba'
[    3.214719] bone_capemgr bone_capemgr: co4
[    3.261906] bone_capemgr bone_capemgr: sld
[    3.305899] bone_capemgr bone_capemgr: sld
[    3.349897] bone_capemgr bone_capemgr: sld
[    3.393900] bone_capemgr bone_capemgr: sld
[    3.399797] bone_capemgr bone_capemgr: in.
[    3.407198] PM: bootloader does not suppo!
[    3.413431] omap_rtc 44e3e000.rtc: settin)
[    3.422301] of_cfs_init                   
[    3.424885] of_cfs_init: OK               
[    3.437653] EXT4-fs (mmcblk0p2): mountingm
[    3.494832] EXT4-fs (mmcblk0p2): recoverye
[    3.500772] EXT4-fs (mmcblk0p2): mounted )
[    3.509039] VFS: Mounted root (ext3 files.
[    3.520656] devtmpfs: mounted             
[    3.524513] Freeing unused kernel memory:)
[    3.792665] systemd[1]: systemd 196 runni)
                                             
Welcome to The �Ångstr�öm Distribution!      
                                             
[    3.822131] systemd[1]: Set hostname to <.
[    3.837544] random: systemd: uninitialize)
[    4.039094] systemd[1]: Cannot add depend.
[    4.061636] systemd[1]: Expecting device .
         Expecting device dev-ttyS0.device...
[    4.074479] systemd[1]: Expecting device .
         Expecting device dev-ttyO2.device...
[    4.086556] systemd[1]: Starting Forward .
[    4.094889] systemd[1]: Started Forward P.
[    4.102693] systemd[1]: Starting Syslog S.
[  OK  ] Listening on Syslog Socket.         
[    4.114518] systemd[1]: Listening on Sysl.
[    4.119646] systemd[1]: Starting Remote F.
[  OK  ] Reached target Remote File Systems. 
[    4.138438] systemd[1]: Reached target Re.
[    4.144291] systemd[1]: Starting /dev/ini.
[  OK  ] Listening on /dev/initctl Compatibi.
[    4.162462] systemd[1]: Listening on /dev.
[    4.169701] systemd[1]: Starting Delayed .
[  OK  ] Listening on Delayed Shutdown Socke.
[    4.182439] systemd[1]: Listening on Dela.
[    4.189031] systemd[1]: Starting udev Ker.
[  OK  ] Listening on udev Kernel Socket.    
[    4.202518] systemd[1]: Listening on udev.
[    4.208569] systemd[1]: Starting udev Con.
[  OK  ] Listening on udev Control Socket.   
[    4.222515] systemd[1]: Listening on udev.
[    4.228249] systemd[1]: Starting Dispatch.
[    4.236747] systemd[1]: Started Dispatch .
[    4.245058] systemd[1]: Starting Arbitrar.
[  OK  ] Set up automount Arbitrary Executab.
[    4.266529] systemd[1]: Set up automount .
[    4.276197] systemd[1]: Starting Swap.    
[  OK  ] Reached target Swap.                
[    4.286437] systemd[1]: Reached target Sw.
[    4.291010] systemd[1]: Starting Journal .
[  OK  ] Listening on Journal Socket.        
[    4.302434] systemd[1]: Listening on Jour.
[    4.307704] systemd[1]: Starting Syslog.  
[  OK  ] Reached target Syslog.              
[    4.318442] systemd[1]: Reached target Sy.
[    4.323237] systemd[1]: Started File Syst.
[    4.329523] systemd[1]: Starting Remount .
         Starting Remount Root and Kernel Fi.
[    4.350294] systemd[1]: Mounted Huge Page.
[    4.357503] systemd[1]: Mounting POSIX Me.
         Mounting POSIX Message Queue File S.
[    4.385148] systemd[1]: Started Apply Ker.
[    4.394314] systemd[1]: Starting udev Ker.
         Starting udev Kernel Device Manager.
[    4.417739] systemd[1]: Mounting Debug Fi.
         Mounting Debug File System...       
[    4.458995] systemd[1]: Started Load Kern.
[    4.475245] systemd[1]: Starting udev Col.
         Starting udev Coldplug all Devices..
[    4.501564] systemd[1]: Starting Journal .
         Starting Journal Service...         
[  OK  ] Started Journal Service.            
[    4.541179] systemd-udevd[96]: starting v6
[    4.546582] systemd[1]: Started Journal S.
[    4.554629] systemd[1]: Started Machine I.
[    4.564017] EXT4-fs (mmcblk0p2): re-mount)
[    4.570231] systemd[1]: Mounting Configur.
         Mounting Configuration File System..
[    4.603937] systemd[1]: Started Set Up Ad.
[    4.616117] systemd[1]: Mounting FUSE Con.
         Mounting FUSE Control File System...
[  OK  ] Started udev Kernel Device Manager. 
[    4.662448] systemd[1]: Started udev Kern.
[  OK  ] Started Remount Root and Kernel Fil.
[    4.690399] systemd[1]: Started Remount R.
[    4.705852] random: systemd-journal: unin)
[  OK  ] Mounted POSIX Message Queue File Sy.
[    4.722406] systemd[1]: Mounted POSIX Mes.
[  OK  ] Mounted Debug File System.          
[    4.746359] systemd[1]: Mounted Debug Fil.
[  OK  ] Mounted Configuration File System.  
[    4.766653] systemd[1]: Mounted Configura.
[  OK  ] Mounted FUSE Control File System.   
[    4.786428] systemd[1]: Mounted FUSE Cont.
[    4.796806] systemd[1]: Starting Local Fi.
[  OK  ] Reached target Local File Systems (.
[    4.818361] systemd[1]: Reached target Lo.
[    4.830258] systemd[1]: Mounting /tmp...  
         Mounting /tmp...                    
[    4.857846] systemd[1]: Starting Load Ran.
         Starting Load Random Seed...        
[  OK  ] Mounted /tmp.                       
[  OK  ] Reached target Local File Systems.  
         Starting Recreate Volatile Files an.
         Starting Trigger Flushing of Journa.
[    4.962333] random: systemd-random-: unin)
[  OK  ] Started Load Random Seed.           
[  OK  ] Started Trigger Flushing of Journal.
[  OK  ] Started Recreate Volatile Files and.
[  OK  ] Reached target System Initializatio.
[  OK  ] Listening on Avahi mDNS/DNS-SD Stac.
[  OK  ] Listening on D-Bus System Message B.
[  OK  ] Listening on dropbear.socket.       
[  OK  ] Reached target Sockets.             
[  OK  ] Reached target Basic System.        
         Starting Connection service...      
         Starting D-Bus System Message Bus...
[  OK  ] Started D-Bus System Message Bus.   
         Starting Login Service...           
         Starting Kernel Logging Service...  
[  OK  ] Started Kernel Logging Service.     
         Starting System Logging Service...  
[  OK  ] Started System Logging Service.     
         Starting Permit User Sessions...    
         Starting Avahi mDNS/DNS-SD Stack... 
[    5.403037] random: dbus-daemon: uninitia)
[  OK  ] Started Permit User Sessions.       
         Starting Getty on tty1...           
[  OK  ] Started Getty on tty1.              
[    5.515105] random: avahi-daemon: uniniti)
[    5.622795] random: dbus-daemon: uninitia)
[  OK  ] Started udev Coldplug all Devices.  
[  OK  ] Started Connection service.         
[  OK  ] Started Login Service.              
[    5.821489] systemd-journald[102]: Receiv1
[    5.859892] random: systemd-journal: unin)
[    5.878481] systemd-journald[102]: File /.
[    5.910643] random: systemd-journal: unin)
[  OK  ] Started Avahi mDNS/DNS-SD Stack.    
         Starting WPA supplicant...          
[  OK  ] Started WPA supplicant.             
[    6.946694] net eth0: initializing cpsw v)
[    6.952093] net eth0: initialized cpsw al4
[    6.957283] net eth0: ALE Table size 1024 
[    7.025359] net eth0: phy found : id is :1
[    7.060234] IPv6: ADDRCONF(NETDEV_UP): ety
[  OK  ] Found device /dev/ttyS0.            
         Starting Serial Getty on ttyS0...   
[                                            
.---O---.                                    
|       |                  .-.           o o 
|   |   |-----.-----.-----.| |   .----..----.
|       |     | __  |  ---'| '--.|  .-'|    |
|   |   |  |  |     |---  ||  --'|  |  |  ' |
'---'---'--'--'--.  |-----''----''--'  '----'
                -'  |                        
                '---'                        
                                             
The Angstrom Distribution beagleboard ttyS0  
                                             
Angstrom v2012.12 - Kernel 4.4.62            
                                             
beagleboard login: [   12.219807] random: nod
                                             
U-Boot SPL 2017.05-rc2 (May 02 2017 - 08:53:)
Trying to boot from MMC1                     
*** Warning - bad CRC, using default environt
                                             
reading u-boot.img                           
reading u-boot.img                           
                                             
 -------------------------------------------------------------------------------                                            
U-Boot 2013.04-dirty (Jun 19 2013 - 09:57:14)
                                             
I2C:   ready                                 
DRAM:  512 MiB                               
                                             
U-Boot SPL 2017.05-rc2 (May 02 2017 - 08:53:)
Trying to boot from MMC1                     
*** Warning - bad CRC, using default environt
                                             
reading u-boot.img                           
reading u-boot.img                           
                                             
                                             
U-Boot 2013.04-dirty (Jun 19 2013 - 09:57:14)
                                             
I2C:   ready                                 
DRAM:  512 MiB                               
WARNING: Caches not enabled                  
NAND:  No NAND device found!!!               
0 MiB                                        
MMC:   OMAP SD/MMC: 0, OMAP SD/MMC: 1        
*** Warning - readenv() failed, using default
                                             
musb-hdrc: ConfigData=0xde (UTMI-8, dyn FIFO)
musb-hdrc: MHDRC RTL version 2.0             
musb-hdrc: setup fifo_mode 4                 
musb-hdrc: 28/31 max ep, 16384/16384 memory  
USB Peripheral mode controller at 47401000 u0
musb-hdrc: ConfigData=0xde (UTMI-8, dyn FIFO)
musb-hdrc: MHDRC RTL version 2.0             
musb-hdrc: setup fifo_mode 4                 
musb-hdrc: 28/31 max ep, 16384/16384 memory  
USB Host mode controller at 47401800 using P0
Net:   <ethaddr> not set. Validating first EC
cpsw, usb_ether                              
Hit any key to stop autoboot:  0             
==========U-Boot# help bootm                           
bootm - boot application image from memory   
                                             
Usage:                                       
bootm [addr [arg ...]]                       
    - boot application image stored in memory
        passing arguments 'arg ...'; when bo,
        'arg' can be the address of an initre
        When booting a Linux kernel which ree
        a third argument is required which ie
        device-tree blob. To boot that kerne,
        use a '-' for the second argument. Id
        a bd_info struct will be passed instd
                                             
Sub-commands to do part of the bootm sequence
issued in the order below (it's ok to not is:
        start [addr [arg ...]]               
        loados  - load OS image              
        ramdisk - relocate initrd, set env id
        fdt     - relocate flat device tree  
        cmdline - OS specific command line pp
        bdt     - OS specific bd_t processing
        prep    - OS specific prep before reo
        go      - start OS                   
U-Boot#                                      
U-Boot SPL 2017.05-rc2 (May 02 2017 - 08:53:)
Trying to boot from MMC1                     
*** Warning - bad CRC, using default environt
                                             
reading u-boot.img                           
reading u-boot.img                           
                                             
 ----------------------------------------------------------------------------                                            
U-Boot 2013.04-dirty (Jun 19 2013 - 09:57:14)
                                             
I2C:   ready                                 
DRAM:  512 MiB                               
WARNING: Caches not enabled                  
NAND:  No NAND device found!!!               
0 MiB                                        
MMC:   OMAP SD/MMC: 0, OMAP SD/MMC: 1        
*** Warning - readenv() failed, using default
                                             
musb-hdrc: ConfigData=0xde (UTMI-8, dyn FIFO)
musb-hdrc: MHDRC RTL version 2.0             
musb-hdrc: setup fifo_mode 4                 
musb-hdrc: 28/31 max ep, 16384/16384 memory  
USB Peripheral mode controller at 47401000 u0
musb-hdrc: ConfigData=0xde (UTMI-8, dyn FIFO)
musb-hdrc: MHDRC RTL version 2.0             
musb-hdrc: setup fifo_mode 4                 
musb-hdrc: 28/31 max ep, 16384/16384 memory  
USB Host mode controller at 47401800 using P0
Net:   <ethaddr> not set. Validating first EC
cpsw, usb_ether                              
Hit any key to stop autoboot:  0             
==============U-Boot# help load                            
load - load binary file from a filesystem    
                                             
Usage:                                       
load <interface> [<dev[:part]> [<addr> [<fil]
    - Load binary file 'filename' from partie
       type 'interface' instance 'dev' to ad.
      'bytes' gives the size to load in byte.
      If 'bytes' is 0 or omitted, the file i.
      'pos' gives the file byte position to .
      If 'pos' is 0 or omitted, the file is .
      All numeric parameters are assumed to ,
      unless specified otherwise using a lea.
U-Boot#                                      
U-Boot SPL 2017.05-rc2 (May 02 2017 - 08:53:)
Trying to boot from MMC1                     
*** Warning - bad CRC, using default environt
                                             
reading u-boot.img                           
reading u-boot.img                           
                                             
-----------------------------------------------                                             
U-Boot 2013.04-dirty (Jun 19 2013 - 09:57:14)
                                             
I2C:   ready                                 
DRAM:  512 MiB                               
WARNING: Caches not enabled                  
NAND:  No NAND device found!!!               
0 MiB                                        
MMC:   OMAP SD/MMC: 0, OMAP SD/MMC: 1        
*** Warning - readenv() failed, using default
                                             
musb-hdrc: ConfigData=0xde (UTMI-8, dyn FIFO)
musb-hdrc: MHDRC RTL version 2.0             
musb-hdrc: setup fifo_mode 4                 
musb-hdrc: 28/31 max ep, 16384/16384 memory  
USB Peripheral mode controller at 47401000 u0
musb-hdrc: ConfigData=0xde (UTMI-8, dyn FIFO)
musb-hdrc: MHDRC RTL version 2.0             
musb-hdrc: setup fifo_mode 4                 
musb-hdrc: 28/31 max ep, 16384/16384 memory  
USB Host mode controller at 47401800 using P0
Net:   <ethaddr> not set. Validating first EC
cpsw, usb_ether                              
Hit any key to stop autoboot:  0             
============U-Boot# printenv                             
arch=arm                                     
baudrate=115200                              
board=am335x                                 
board_name=A335BNLT                          
board_rev=00C0                               
bootcmd=gpio set 53; i2c mw 0x24 1 0x3e; run;
bootdelay=1                                  
bootdir=/boot                                
bootenv=uEnv.txt                             
bootfile=uImage                              
bootpart=0:2                                 
console=ttyO0,115200n8                       
cpu=armv7                                    
dfu_alt_info_emmc=rawemmc mmc 0 3751936      
dfu_alt_info_mmc=boot part 0 1;rootfs part 01
dfu_alt_info_nand=SPL part 0 1;SPL.backup1 p8
ethact=cpsw                                  
ethaddr=0c:b2:b7:cc:f4:c5                    
fdt_high=0xffffffff                          
fdtaddr=0x80F80000                           
fdtfile=am335x-boneblack.dtb                 
findfdt=if test $board_name = A33515BB; theni
importbootenv=echo Importing environment froe
kloadaddr=0x80007fc0                         
loadaddr=0x80200000                          
loadbootenv=load mmc ${mmcdev} ${loadaddr} $}
loadfdt=load mmc ${bootpart} ${fdtaddr} ${bo}
loadramdisk=load mmc ${mmcdev} ${rdaddr} ramz
loaduimage=load mmc ${bootpart} ${kloadaddr}}
mmcargs=setenv bootargs console=${console} $}
mmcboot=echo Booting from mmc ...; run mmcar}
mmcdev=0                                     
mmcroot=/dev/mmcblk0p2 ro                    
mmcrootfstype=ext4 rootwait                  
mtdids=nand0=omap2-nand.0                    
mtdparts=mtdparts=omap2-nand.0:128k(SPL),128)
nandargs=setenv bootargs console=${console} }
nandboot=echo Booting from nand ...; run nan}
nandimgsize=0x500000                         
nandroot=ubi0:rootfs rw ubi.mtd=7,2048       
nandrootfstype=ubifs rootwait=1              
nandsrcaddr=0x280000                         
netargs=setenv bootargs console=${console} $p
netboot=echo Booting from network ...; seten}
nfsopts=nolock                               
ramargs=setenv bootargs console=${console} $}
ramboot=echo Booting from ramdisk ...; run r}
ramroot=/dev/ram0 rw ramdisk_size=65536 initM
ramrootfstype=ext2                           
rdaddr=0x81000000                            
rootpath=/export/rootfs                      
soc=am33xx                                   
spiargs=setenv bootargs console=${console} $}
spiboot=echo Booting from spi ...; run spiar}
spibusno=0                                   
spiimgsize=0x362000                          
spiroot=/dev/mtdblock4 rw                    
spirootfstype=jffs2                          
spisrcaddr=0xe0000                           
static_ip=${ipaddr}:${serverip}:${gatewayip}f
stderr=serial                                
stdin=serial                                 
stdout=serial                                
usbnet_devaddr=0c:b2:b7:cc:f4:c5             
vendor=ti                                    
ver=U-Boot 2013.04-dirty (Jun 19 2013 - 09:5)
                                             
Environment size: 3877/131068 bytes          
U-Boot#                                      
U-Boot SPL 2017.05-rc2 (May 02 2017 - 08:53:)
Trying to boot from MMC1                     
*** Warning - bad CRC, using default environt
                                             
reading u-boot.img                           
reading u-boot.img                           
                                             
----------------------------------------------------------------------                                             
U-Boot 2013.04-dirty (Jun 19 2013 - 09:57:14)
                                             
I2C:   ready                                 
DRAM:  512 MiB                               
WARNING: Caches not enabled                  
NAND:  No NAND device found!!!               
0 MiB                                        
MMC:   OMAP SD/MMC: 0, OMAP SD/MMC: 1        
*** Warning - readenv() failed, using default
                                             
musb-hdrc: ConfigData=0xde (UTMI-8, dyn FIFO)
musb-hdrc: MHDRC RTL version 2.0             
musb-hdrc: setup fifo_mode 4                 
musb-hdrc: 28/31 max ep, 16384/16384 memory  
USB Peripheral mode controller at 47401000 u0
musb-hdrc: ConfigData=0xde (UTMI-8, dyn FIFO)
musb-hdrc: MHDRC RTL version 2.0             
musb-hdrc: setup fifo_mode 4                 
musb-hdrc: 28/31 max ep, 16384/16384 memory  
USB Host mode controller at 47401800 using P0
Net:   <ethaddr> not set. Validating first EC
cpsw, usb_ether                              
Hit any key to stop autoboot:  0             
gpio: pin 53 (gpio 53) value is 1            
mmc0 is current device                       
micro SD card found                          
mmc0 is current device                       
gpio: pin 54 (gpio 54) value is 1            
SD/MMC found on device 0                     
reading uEnv.txt                             
370 bytes read in 3 ms (120.1 KiB/s)         
Loaded environment from uEnv.txt             
Importing environment from mmc ...           
Running uenvcmd ...                          
8645240 bytes read in 823 ms (10 MiB/s)      
56827 bytes read in 16 ms (3.4 MiB/s)        
## Booting kernel from Legacy Image at 82000.
   Image Name:   Linux-4.4.62                
   Image Type:   ARM Linux Kernel Image (unc)
   Data Size:    8645176 Bytes = 8.2 MiB     
   Load Address: 80008000                    
   Entry Point:  80008000                    
   Verifying Checksum ... OK                 
## Flattened Device Tree blob at 88000000    
   Booting using the fdt blob at 0x88000000  
   Loading Kernel Image ... OK               
OK                                           
   Using Device Tree in place at 88000000, ea
                                             
Starting kernel ...                          
                                             
[    0.000000] Booting Linux on physical CPU0
[    0.000000] Initializing cgroup subsys cpt
[    0.000000] Initializing cgroup subsys cpu
[    0.000000] Initializing cgroup subsys cpt
[    0.000000] Linux version 4.4.62 (kiran@k7
[    0.000000] CPU: ARMv7 Processor [413fc08d
[    0.000000] CPU: PIPT / VIPT nonaliasing e
[    0.000000] Machine model: TI AM335x Beagk
[    0.000000] cma: Reserved 48 MiB at 0x9c80
[    0.000000] Memory policy: Data cache wrik
[    0.000000] CPU: All CPU(s) started in SV.
[    0.000000] AM335X ES2.1 (sgx neon )      
[    0.000000] PERCPU: Embedded 13 pages/cpu8
[    0.000000] Built 1 zonelists in Zone ord8
[    0.000000] Kernel command line: console=w
[    0.000000] PID hash table entries: 2048 )
[    0.000000] Dentry cache hash table entri)
[    0.000000] Inode-cache hash table entrie)
[    0.000000] Memory: 449872K/522240K avail)
[    0.000000] Virtual kernel memory layout: 
[    0.000000]     vector  : 0xffff0000 - 0x)
[    0.000000]     fixmap  : 0xffc00000 - 0x)
[    0.000000]     vmalloc : 0xe0800000 - 0x)
[    0.000000]     lowmem  : 0xc0000000 - 0x)
[    0.000000]     pkmap   : 0xbfe00000 - 0x)
[    0.000000]     modules : 0xbf000000 - 0x)
[    0.000000]       .text : 0xc0008000 - 0x)
[    0.000000]       .init : 0xc0eda000 - 0x)
[    0.000000]       .data : 0xc0f94000 - 0x)
[    0.000000]        .bss : 0xc107c000 - 0x)
[    0.000000] SLUB: HWalign=64, Order=0-3, 1
[    0.000000] Hierarchical RCU implementati.
[    0.000000]  Build-time adjustment of lea.
[    0.000000]  RCU restricting CPUs from NR.
[    0.000000] RCU: Adjusting geometry for r1
[    0.000000] NR_IRQS:16 nr_irqs:16 16      
[    0.000000] IRQ: Found an INTC at 0xfa200s
[    0.000000] OMAP clockevent source: timerz
[    0.000014] sched_clock: 32 bits at 24MHzs
[    0.000037] clocksource: timer1: mask: 0xs
[    0.000050] OMAP clocksource: timer1 at 2z
[    0.001030] clocksource_probe: no matchind
