training@training-OptiPlex-7010:~$ sudo minicom
[sudo] password for training: 


Welcome to minicom 2.7.1

OPTIONS: I18n 
Compiled on Dec 23 2019, 02:06:26.
Port /dev/ttyUSB0, 15:10:53

Press CTRL-A Z for help on special keys


U-Boot SPL 2017.05-rc2 (May 02 2017 - 08:53:40)
Trying to boot from MMC1
*** Warning - bad CRC, using default environment

reading u-boot.img
reading u-boot.img


U-Boot 2017.05-rc2 (May 02 2017 - 08:53:40 +0530)

CPU  : AM335X-GP rev 2.1
I2C:   ready
DRAM:  512 MiB
MMC:   OMAP SD/MMC: 0, OMAP SD/MMC: 1                                           
*** Warning - bad CRC, using default environment                                
                                                                                
<ethaddr> not set. Validating first E-fuse MAC                                  
Net:   cpsw, usb_ether                                                          
Press SPACE to abort autoboot in 2 seconds                                      
switch to partitions #0, OK                                                     
mmc0 is current device                                                          
SD/MMC found on device 0                                                        
reading boot.scr                                                                
** Unable to read file boot.scr **                                              
reading uEnv.txt                                                                
370 bytes read in 4 ms (89.8 KiB/s)                                             
Loaded env from uEnv.txt                                                        
Importing environment from mmc0 ...                                             
Running uenvcmd ...                                                             
8645240 bytes read in 562 ms (14.7 MiB/s)                                       
56827 bytes read in 20 ms (2.7 MiB/s)                                           
## Booting kernel from Legacy Image at 82000000 ...                             
   Image Name:   Linux-4.4.62                                                   
   Created:      2017-05-02   4:26:56 UTC                                       
   Image Type:   ARM Linux Kernel Image (uncompressed)                          
   Data Size:    8645176 Bytes = 8.2 MiB                                        
   Load Address: 80008000                                                       
   Entry Point:  80008000                                                       
   Verifying Checksum ... OK                                                    
## Flattened Device Tree blob at 88000000                                       
   Booting using the fdt blob at 0x88000000                                     
   Loading Kernel Image ... OK                                                  
   Loading Device Tree to 8ffef000, end 8ffffdfa ... OK                         
                                                                                
Starting kernel ...                                                             
                                                                                
[    0.000000] Booting Linux on physical CPU 0x0                                
[    0.000000] Initializing cgroup subsys cpuset                                
[    0.000000] Initializing cgroup subsys cpu                                   
[    0.000000] Initializing cgroup subsys cpuacct                               
[    0.000000] Linux version 4.4.62 (kiran@kiran-fastbitlab) (gcc version 6.3.17
[    0.000000] CPU: ARMv7 Processor [413fc082] revision 2 (ARMv7), cr=10c5387d  
[    0.000000] CPU: PIPT / VIPT nonaliasing data cache, VIPT aliasing instructie
[    0.000000] Machine model: TI AM335x BeagleBone Black                        
[    0.000000] cma: Reserved 48 MiB at 0x9c800000                               
[    0.000000] Memory policy: Data cache writeback                              
[    0.000000] CPU: All CPU(s) started in SVC mode.                             
[    0.000000] AM335X ES2.1 (sgx neon )                                         
[    0.000000] PERCPU: Embedded 13 pages/cpu @df920000 s24268 r8192 d20788 u5328
[    0.000000] Built 1 zonelists in Zone order, mobility grouping on.  Total pa8
[    0.000000] Kernel command line: console=ttyO0,115200n8 root=/dev/mmcblk0p2 w
[    0.000000] PID hash table entries: 2048 (order: 1, 8192 bytes)              
[    0.000000] Dentry cache hash table entries: 65536 (order: 6, 262144 bytes)  
[    0.000000] Inode-cache hash table entries: 32768 (order: 5, 131072 bytes)   
[    0.000000] Memory: 449884K/522240K available (11379K kernel code, 917K rwda)
[    0.000000] Virtual kernel memory layout:                                    
[    0.000000]     vector  : 0xffff0000 - 0xffff1000   (   4 kB)                
[    0.000000]     fixmap  : 0xffc00000 - 0xfff00000   (3072 kB)                
[    0.000000]     vmalloc : 0xe0800000 - 0xff800000   ( 496 MB)                
[    0.000000]     lowmem  : 0xc0000000 - 0xe0000000   ( 512 MB)                
[    0.000000]     pkmap   : 0xbfe00000 - 0xc0000000   (   2 MB)                
[    0.000000]     modules : 0xbf000000 - 0xbfe00000   (  14 MB)                
[    0.000000]       .text : 0xc0008000 - 0xc0ed9e80   (15176 kB)               
[    0.000000]       .init : 0xc0eda000 - 0xc0f94000   ( 744 kB)                
[    0.000000]       .data : 0xc0f94000 - 0xc10795a8   ( 918 kB)                
[    0.000000]        .bss : 0xc107c000 - 0xc115ed50   ( 908 kB)                
[    0.000000] SLUB: HWalign=64, Order=0-3, MinObjects=0, CPUs=1, Nodes=1       
[    0.000000] Hierarchical RCU implementation.                                 
[    0.000000]  Build-time adjustment of leaf fanout to 32.                     
[    0.000000]  RCU restricting CPUs from NR_CPUS=2 to nr_cpu_ids=1.            
[    0.000000] RCU: Adjusting geometry for rcu_fanout_leaf=32, nr_cpu_ids=1     
[    0.000000] NR_IRQS:16 nr_irqs:16 16                                         
[    0.000000] IRQ: Found an INTC at 0xfa200000 (revision 5.0) with 128 interrus
[    0.000000] OMAP clockevent source: timer2 at 24000000 Hz                    
[    0.000014] sched_clock: 32 bits at 24MHz, resolution 41ns, wraps every 8947s
[    0.000035] clocksource: timer1: mask: 0xffffffff max_cycles: 0xffffffff, mas
[    0.000048] OMAP clocksource: timer1 at 24000000 Hz                          
[    0.001027] clocksource_probe: no matching clocksources found                
[    0.001224] Console: colour dummy device 80x30                               
[    0.001253] WARNING: Your 'console=ttyO0' has been replaced by 'ttyS0'       
[    0.001260] This ensures that you still see kernel messages. Please          
[    0.001267] update your kernel commandline.                                  
[    0.001288] Calibrating delay loop... 995.32 BogoMIPS (lpj=1990656)          
[    0.046822] pid_max: default: 32768 minimum: 301                             
[    0.046979] Security Framework initialized                                   
[    0.046993] Yama: becoming mindful.                                          
[    0.047030] AppArmor: AppArmor disabled by boot time parameter               
[    0.047209] Mount-cache hash table entries: 1024 (order: 0, 4096 bytes)      
[    0.047221] Mountpoint-cache hash table entries: 1024 (order: 0, 4096 bytes) 
[    0.048075] Initializing cgroup subsys io                                    
[    0.048108] Initializing cgroup subsys memory                                
[    0.048155] Initializing cgroup subsys devices                               
[    0.048174] Initializing cgroup subsys freezer                               
[    0.048190] Initializing cgroup subsys net_cls                               
[    0.048205] Initializing cgroup subsys perf_event                            
[    0.048220] Initializing cgroup subsys net_prio                              
[    0.048244] Initializing cgroup subsys pids                                  
[    0.048303] CPU: Testing write buffer coherency: ok                          
[    0.048365] ftrace: allocating 34471 entries in 102 pages                    
[    0.145355] CPU0: thread -1, cpu 0, socket -1, mpidr 0                       
[    0.145483] Setting up static identity map for 0x80008280 - 0x800082e0       
[    0.149664] Brought up 1 CPUs                                                
[    0.149690] SMP: Total of 1 processors activated (995.32 BogoMIPS).          
[    0.149699] CPU: All CPU(s) started in SVC mode.                             
[    0.151429] devtmpfs: initialized                                            
[    0.169410] VFP support v0.3: implementor 41 architecture 3 part 30 variant 3
[    0.189063] omap_hwmod: debugss: _wait_target_disable failed                 
[    0.243034] clocksource: jiffies: mask: 0xffffffff max_cycles: 0xffffffff, ms
[    0.243066] futex hash table entries: 256 (order: 2, 16384 bytes)            
[    0.247212] xor: measuring software checksum speed                           
[    0.286822]    arm4regs  :  1219.000 MB/sec                                  
[    0.326819]    8regs     :   957.000 MB/sec                                  
[    0.366817]    32regs    :  1089.000 MB/sec                                  
[    0.406817]    neon      :  1743.000 MB/sec                                  
[    0.406825] xor: using function: neon (1743.000 MB/sec)                      
[    0.406864] pinctrl core: initialized pinctrl subsystem                      
[    0.408924] NET: Registered protocol family 16                               
[    0.411747] DMA: preallocated 256 KiB pool for atomic coherent allocations   
[    0.412992] cpuidle: using governor ladder                                   
[    0.413014] cpuidle: using governor menu                                     
[    0.418655] OMAP GPIO hardware version 0.1                                   
[    0.430957] No ATAGs?                                                        
[    0.430990] hw-breakpoint: debug architecture 0x4 unsupported.               
[    0.431539] omap4_sram_init:Unable to allocate sram needed to handle errata 8
[    0.431553] omap4_sram_init:Unable to get sram pool needed to handle errata 8
[    0.510909] raid6: int32x1  gen()   250 MB/s                                 
[    0.578869] raid6: int32x1  xor()   217 MB/s                                 
[    0.646972] raid6: int32x2  gen()   325 MB/s                                 
[    0.714836] raid6: int32x2  xor()   264 MB/s                                 
[    0.783004] raid6: int32x4  gen()   303 MB/s                                 
[    0.850920] raid6: int32x4  xor()   246 MB/s                                 
[    0.918830] raid6: int32x8  gen()   294 MB/s                                 
[    0.986882] raid6: int32x8  xor()   210 MB/s                                 
[    1.054838] raid6: neonx1   gen()  1456 MB/s                                 
[    1.122843] raid6: neonx1   xor()   846 MB/s                                 
[    1.190816] raid6: neonx2   gen()  1923 MB/s                                 
[    1.258823] raid6: neonx2   xor()  1196 MB/s                                 
[    1.326824] raid6: neonx4   gen()  1957 MB/s                                 
[    1.394820] raid6: neonx4   xor()  1207 MB/s                                 
[    1.462816] raid6: neonx8   gen()  1103 MB/s                                 
[    1.530840] raid6: neonx8   xor()   783 MB/s                                 
[    1.530848] raid6: using algorithm neonx4 gen() 1957 MB/s                    
[    1.530855] raid6: .... xor() 1207 MB/s, rmw enabled                         
[    1.530861] raid6: using intx1 recovery algorithm                            
[    1.540361] edma 49000000.edma: TI EDMA DMA engine driver                    
[    1.545039] SCSI subsystem initialized                                       
[    1.545835] usbcore: registered new interface driver usbfs                   
[    1.545924] usbcore: registered new interface driver hub                     
[    1.546035] usbcore: registered new device driver usb                        
[    1.546642] omap_i2c 44e0b000.i2c: could not find pctldev for node /ocp/l4_we
[    1.546697] omap_i2c 4819c000.i2c: could not find pctldev for node /ocp/l4_we
[    1.546904] media: Linux media interface: v0.10                              
[    1.546975] Linux video capture interface: v2.00                             
[    1.547093] pps_core: LinuxPPS API ver. 1 registered                         
[    1.547101] pps_core: Software ver. 5.3.6 - Copyright 2005-2007 Rodolfo Giom>
[    1.547129] PTP clock support registered                                     
[    1.548067] omap-mailbox 480c8000.mailbox: omap mailbox rev 0x400            
[    1.549527] NetLabel: Initializing                                           
[    1.549543] NetLabel:  domain hash size = 128                                
[    1.549549] NetLabel:  protocols = UNLABELED CIPSOv4                         
[    1.549612] NetLabel:  unlabeled traffic allowed by default                  
[    1.549912] clocksource: Switched to clocksource timer1                      
[    1.661726] NET: Registered protocol family 2                                
[    1.662686] TCP established hash table entries: 4096 (order: 2, 16384 bytes) 
[    1.662739] TCP bind hash table entries: 4096 (order: 3, 32768 bytes)        
[    1.662798] TCP: Hash tables configured (established 4096 bind 4096)         
[    1.662875] UDP hash table entries: 256 (order: 1, 8192 bytes)               
[    1.662896] UDP-Lite hash table entries: 256 (order: 1, 8192 bytes)          
[    1.663230] NET: Registered protocol family 1                                
[    1.663858] RPC: Registered named UNIX socket transport module.              
[    1.663875] RPC: Registered udp transport module.                            
[    1.663882] RPC: Registered tcp transport module.                            
[    1.663888] RPC: Registered tcp NFSv4.1 backchannel transport module.        
[    1.664858] hw perfevents: enabled with armv7_cortex_a8 PMU driver, 5 countee
[    1.667726] audit: initializing netlink subsys (disabled)                    
[    1.667820] audit: type=2000 audit(1.600:1): initialized                     
[    1.678327] zbud: loaded                                                     
[    1.679093] VFS: Disk quotas dquot_6.6.0                                     
[    1.679376] VFS: Dquot-cache hash table entries: 1024 (order 0, 4096 bytes)  
[    1.682213] NFS: Registering the id_resolver key type                        
[    1.682285] Key type id_resolver registered                                  
[    1.682294] Key type id_legacy registered                                    
[    1.682324] nfs4filelayout_init: NFSv4 File Layout Driver Registering...     
[    1.682701] fuse init (API version 7.23)                                     
[    1.683343] SGI XFS with ACLs, security attributes, realtime, no debug enabld
[    1.691875] Block layer SCSI generic (bsg) driver version 0.4 loaded (major )
[    1.692155] io scheduler noop registered                                     
[    1.692171] io scheduler deadline registered                                 
[    1.692242] io scheduler cfq registered (default)                            
[    1.693633] pinctrl-single 44e10800.pinmux: 142 pins at pa f9e10800 size 568 
[    1.695686] wkup_m3_ipc 44e11324.wkup_m3_ipc: could not get rproc handle     
[    1.697069] Serial: 8250/16550 driver, 6 ports, IRQ sharing disabled         
[    1.700534] 44e09000.serial: ttyS0 at MMIO 0x44e09000 (irq = 158, base_baud 0
[    2.571470] console [ttyS0] enabled                                          
[    2.576543] [drm] Initialized drm 1.1.0 20060810                             
[    2.633936] davinci_mdio 4a101000.mdio: davinci mdio revision 1.6            
[    2.640109] davinci_mdio 4a101000.mdio: detected phy mask fffffffe           
[    2.646719] davinci_mdio: dt: updated phy_id[0] from phy_mask[fffffffe]      
[    2.654719] libphy: 4a101000.mdio: probed                                    
[    2.658844] davinci_mdio 4a101000.mdio: phy[0]: device 4a101000.mdio:00, dri0
[    2.668914] cpsw 4a100000.ethernet: Detected MACID = 0c:b2:b7:cc:f4:c5       
[    2.675786] cpsw 4a100000.ethernet: cpts: overflow check period 2125         
[    2.684095] ehci_hcd: USB 2.0 'Enhanced' Host Controller (EHCI) Driver       
[    2.690887] ehci-platform: EHCI generic platform driver                      
[    2.696446] ehci-omap: OMAP-EHCI Host Controller driver                      
[    2.702232] usbcore: registered new interface driver usb-storage             
[    2.710516] 47401300.usb-phy supply vcc not found, using dummy regulator     
[    2.721579] 47401b00.usb-phy supply vcc not found, using dummy regulator     
[    2.730976] musb-hdrc musb-hdrc.1.auto: MUSB HDRC host driver                
[    2.736837] musb-hdrc musb-hdrc.1.auto: new USB bus registered, assigned bus1
[    2.745032] usb usb1: New USB device found, idVendor=1d6b, idProduct=0002    
[    2.751919] usb usb1: New USB device strings: Mfr=3, Product=2, SerialNumber1
[    2.759198] usb usb1: Product: MUSB HDRC host driver                         
[    2.764201] usb usb1: Manufacturer: Linux 4.4.62 musb-hcd                    
[    2.769638] usb usb1: SerialNumber: musb-hdrc.1.auto                         
[    2.775645] hub 1-0:1.0: USB hub found                                       
[    2.779607] hub 1-0:1.0: 1 port detected                                     
[    2.793147] mousedev: PS/2 mouse device common for all mice                  
[    2.801473] omap_rtc 44e3e000.rtc: rtc core: registered 44e3e000.rtc as rtc0 
[    2.809610] i2c /dev entries driver                                          
[    2.814935] omap_wdt: OMAP Watchdog Timer Rev 0x01: initial timeout 60 sec   
[    2.822326] cpuidle: enable-method property 'ti,am3352' found operations     
[    2.829844] omap_hsmmc 48060000.mmc: Got CD GPIO                             
[    2.899502] hidraw: raw HID events driver (C) Jiri Kosina                    
[    2.906004] usbcore: registered new interface driver usbhid                  
[    2.911690] usbhid: USB HID core driver                                      
[    2.915592] mmc0: host does not support reading read-only switch, assuming we
[    2.924098] ashmem: initialized                                              
[    2.928261]  remoteproc0: wkup_m3 is available                               
[    2.932858]  remoteproc0: Note: remoteproc is still under development and co.
[    2.941914]  remoteproc0: THE BINARY FORMAT IS NOT YET FINALIZED, and backwa.
[    2.952576] mmc0: new high speed SDHC card at address 21ed                   
[    2.962132] NET: Registered protocol family 10                               
[    2.967244] mmcblk0: mmc0:21ed APPSD 7.50 GiB                                
[    2.973876]  mmcblk0: p1 p2                                                  
[    2.977747] mip6: Mobile IPv6                                                
[    2.981806] NET: Registered protocol family 17                               
[    2.986630] Key type dns_resolver registered                                 
[    2.991110] mpls_gso: MPLS GSO support                                       
[    2.996192] omap_voltage_late_init: Voltage driver support not added         
[    3.006248] PM: Cannot get wkup_m3_ipc handle                                
[    3.010849] ThumbEE CPU extension supported.                                 
[    3.015268] Registering SWP/SWPB emulation handler                           
[    3.022453] registered taskstats version 1                                   
[    3.028852] zswap: loaded using pool lzo/zbud                                
[    3.037239] Btrfs loaded                                                     
[    3.041794] Key type encrypted registered                                    
[    3.049226] input: tps65217_pwr_but as /devices/platform/ocp/44e0b000.i2c/i20
[    3.070806] mmc1: MAN_BKOPS_EN bit is not set                                
[    3.080232] mmc1: new high speed MMC card at address 0001                    
[    3.088658] mmcblk1: mmc1:0001 M62704 3.56 GiB                               
[    3.094910] mmcblk1boot0: mmc1:0001 M62704 partition 1 2.00 MiB              
[    3.102645] tps65217 0-0024: TPS65217 ID 0xe version 1.2                     
[    3.108258] mmcblk1boot1: mmc1:0001 M62704 partition 2 2.00 MiB              
[    3.114874] at24 0-0050: 32768 byte 24c256 EEPROM, writable, 1 bytes/write   
[    3.123054] omap_i2c 44e0b000.i2c: bus 0 rev0.11 at 400 kHz                  
[    3.128906]  mmcblk1: p1                                                     
[    3.135905] at24 2-0054: 32768 byte 24c256 EEPROM, writable, 1 bytes/write   
[    3.143476] at24 2-0055: 32768 byte 24c256 EEPROM, writable, 1 bytes/write   
[    3.150941] at24 2-0056: 32768 byte 24c256 EEPROM, writable, 1 bytes/write   
[    3.158312] at24 2-0057: 32768 byte 24c256 EEPROM, writable, 1 bytes/write   
[    3.165295] omap_i2c 4819c000.i2c: bus 2 rev0.11 at 100 kHz                  
[    3.172213]  remoteproc0: powering up wkup_m3                                
[    3.176727]  remoteproc0: Booting fw image am335x-pm-firmware.elf, size 21718
[    3.184310]  remoteproc0: remote processor wkup_m3 is now up                 
[    3.190010] wkup_m3_ipc 44e11324.wkup_m3_ipc: CM3 Firmware Version = 0x192   
[    3.201539] bone_capemgr bone_capemgr: Baseboard: 'A335BNLT,00C0,4819BBBK122'
[    3.208903] bone_capemgr bone_capemgr: compatible-baseboard=ti,beaglebone-bl4
[    3.253923] bone_capemgr bone_capemgr: slot #0: No cape found                
[    3.297915] bone_capemgr bone_capemgr: slot #1: No cape found                
[    3.341913] bone_capemgr bone_capemgr: slot #2: No cape found                
[    3.385912] bone_capemgr bone_capemgr: slot #3: No cape found                
[    3.391804] bone_capemgr bone_capemgr: initialized OK.                       
[    3.399196] PM: bootloader does not support rtc-only!                        
[    3.405439] omap_rtc 44e3e000.rtc: setting system clock to 2000-01-01 00:00:)
[    3.414314] of_cfs_init                                                      
[    3.416900] of_cfs_init: OK                                                  
[    3.427492] EXT4-fs (mmcblk0p2): mounting ext3 file system using the ext4 sum
[    3.451507] EXT4-fs (mmcblk0p2): mounted filesystem with ordered data mode. )
[    3.459855] VFS: Mounted root (ext3 filesystem) on device 179:2.             
[    3.475017] devtmpfs: mounted                                                
[    3.479068] Freeing unused kernel memory: 744K (c0eda000 - c0f94000)         
[    3.776359] systemd[1]: systemd 196 running in system mode. (+PAM -LIBWRAP -)
                                                                                
Welcome to The �Ångstr�öm Distribution!                                         
                                                                                
[    3.800072] systemd[1]: Set hostname to <beagleboard>.                       
[    3.816168] random: systemd: uninitialized urandom read (12 bytes read, 24 b)
[    4.014383] systemd[1]: Cannot add dependency job for unit display-manager.s.
[    4.036869] systemd[1]: Starting Forward Password Requests to Wall Directory.
[    4.045223] systemd[1]: Started Forward Password Requests to Wall Directory .
[    4.053075] systemd[1]: Expecting device dev-ttyS0.device...                 
         Expecting device dev-ttyS0.device...                                   
[    4.066500] systemd[1]: Expecting device dev-ttyO2.device...                 
         Expecting device dev-ttyO2.device...                                   
[    4.078582] systemd[1]: Starting Syslog Socket.                              
[  OK  ] Listening on Syslog Socket.                                            
[    4.090533] systemd[1]: Listening on Syslog Socket.                          
[    4.095664] systemd[1]: Starting Remote File Systems.                        
[  OK  ] Reached target Remote File Systems.                                    
[    4.114449] systemd[1]: Reached target Remote File Systems.                  
[    4.120304] systemd[1]: Starting /dev/initctl Compatibility Named Pipe.      
[  OK  ] Listening on /dev/initctl Compatibility Named Pipe.                    
[    4.138466] systemd[1]: Listening on /dev/initctl Compatibility Named Pipe.  
[    4.145712] systemd[1]: Starting Delayed Shutdown Socket.                    
[  OK  ] Listening on Delayed Shutdown Socket.                                  
[    4.158452] systemd[1]: Listening on Delayed Shutdown Socket.                
[    4.164714] systemd[1]: Starting Arbitrary Executable File Formats File Syst.
[  OK  ] Set up automount Arbitrary Executable File Formats F...utomount Point. 
[    4.186533] systemd[1]: Set up automount Arbitrary Executable File Formats F.
[    4.196748] systemd[1]: Starting udev Kernel Socket.                         
[  OK  ] Listening on udev Kernel Socket.                                       
[    4.210448] systemd[1]: Listening on udev Kernel Socket.                     
[    4.216540] systemd[1]: Starting udev Control Socket.                        
[  OK  ] Listening on udev Control Socket.                                      
[    4.230527] systemd[1]: Listening on udev Control Socket.                    
[    4.236282] systemd[1]: Starting Dispatch Password Requests to Console Direc.
[    4.244779] systemd[1]: Started Dispatch Password Requests to Console Direct.
[    4.252913] systemd[1]: Starting Swap.                                       
[  OK  ] Reached target Swap.                                                   
[    4.262448] systemd[1]: Reached target Swap.                                 
[    4.267024] systemd[1]: Starting Journal Socket.                             
[  OK  ] Listening on Journal Socket.                                           
[    4.278447] systemd[1]: Listening on Journal Socket.                         
[    4.283722] systemd[1]: Starting Syslog.                                     
[  OK  ] Reached target Syslog.                                                 
[    4.294446] systemd[1]: Reached target Syslog.                               
[    4.299239] systemd[1]: Started File System Check on Root Device.            
[    4.305521] systemd[1]: Starting Remount Root and Kernel File Systems...     
         Starting Remount Root and Kernel File Systems...                       
[    4.326477] systemd[1]: Mounted Huge Pages File System.                      
[    4.339855] systemd[1]: Started Set Up Additional Binary Formats.            
[    4.352055] systemd[1]: Started Machine ID first boot configure.             
[    4.369213] systemd[1]: Started Load Kernel Modules.                         
[    4.378398] systemd[1]: Mounting FUSE Control File System...                 
         Mounting FUSE Control File System...                                   
[    4.401233] systemd[1]: Mounting POSIX Message Queue File System...          
[    4.416912] EXT4-fs (mmcblk0p2): re-mounted. Opts: (null)                    
         Mounting POSIX Message Queue File System...                            
[    4.433707] systemd[1]: Starting udev Coldplug all Devices...                
         Starting udev Coldplug all Devices...                                  
[    4.475649] systemd[1]: Started Apply Kernel Variables.                      
[    4.488436] systemd[1]: Mounting Configuration File System...                
         Mounting Configuration File System...                                  
[    4.514863] systemd[1]: Starting Journal Service...                          
         Starting Journal Service...                                            
[  OK  ] Started Journal Service.                                               
[    4.550420] systemd[1]: Started Journal Service.                             
[    4.562636] systemd[1]: Starting udev Kernel Device Manager...               
         Starting udev Kernel Device Manager...                                 
[    4.589864] systemd[1]: Mounting Debug File System...                        
         Mounting Debug File System...                                          
[  OK  ] Started Remount Root and Kernel File Systems.                          
[    4.642475] systemd[1]: Started Remount Root and Kernel File Systems.        
[  OK  ] Mounted FUSE Control File System.                                      
[    4.658688] random: systemd-journal: uninitialized urandom read (16 bytes re)
[    4.673434] systemd[1]: Mounted FUSE Control File System.                    
[  OK  ] Mounted POSIX Message Queue File System.                               
[    4.692454] systemd-udevd[105]: starting version 196                         
[    4.698148] systemd[1]: Mounted POSIX Message Queue File System.             
[  OK  ] Started udev Kernel Device Manager.                                    
[    4.726471] systemd[1]: Started udev Kernel Device Manager.                  
[  OK  ] Mounted Configuration File System.                                     
[    4.750602] systemd[1]: Mounted Configuration File System.                   
[  OK  ] Mounted Debug File System.                                             
[    4.790553] systemd[1]: Mounted Debug File System.                           
[    4.799075] systemd[1]: Starting Local File Systems (Pre).                   
[  OK  ] Reached target Local File Systems (Pre).                               
[    4.822371] systemd[1]: Reached target Local File Systems (Pre).             
[    4.834355] systemd[1]: Mounting /tmp...                                     
         Mounting /tmp...                                                       
[    4.863091] systemd[1]: Starting Load Random Seed...                         
         Starting Load Random Seed...                                           
[  OK  ] Mounted /tmp.                                                          
[  OK  ] Reached target Local File Systems.                                     
         Starting Recreate Volatile Files and Directories...                    
[    4.979803] random: systemd-random-: uninitialized urandom read (512 bytes r)
         Starting Trigger Flushing of Journal to Persistent Storage...          
[  OK  ] Started Load Random Seed.                                              
[  OK  ] Started Trigger Flushing of Journal to Persistent Storage.             
[  OK  ] Started Recreate Volatile Files and Directories.                       
[  OK  ] Reached target System Initialization.                                  
[  OK  ] Listening on D-Bus System Message Bus Socket.                          
[  OK  ] Listening on dropbear.socket.                                          
[  OK  ] Listening on Avahi mDNS/DNS-SD Stack Activation Socket.                
[  OK  ] Reached target Sockets.                                                
[  OK  ] Reached target Basic System.                                           
         Starting Login Service...                                              
         Starting D-Bus System Message Bus...                                   
[  OK  ] Started D-Bus System Message Bus.                                      
         Starting Kernel Logging Service...                                     
[  OK  ] Started Kernel Logging Service.                                        
         Starting System Logging Service...                                     
[  OK  ] Started System Logging Service.                                        
         Starting Permit User Sessions...                                       
         Starting Connection service...                                         
         Starting Avahi mDNS/DNS-SD Stack...                                    
[    5.391627] random: dbus-daemon: uninitialized urandom read (12 bytes read, )
[  OK  ] Started Permit User Sessions.                                          
         Starting Getty on tty1...                                              
[  OK  ] Started Getty on tty1.                                                 
[    5.496505] random: avahi-daemon: uninitialized urandom read (4 bytes read, )
[  OK  ] Started udev Coldplug all Devices.                                     
[    5.611277] random: dbus-daemon: uninitialized urandom read (12 bytes read, )
[  OK  ] Started Connection service.                                            
[  OK  ] Started Login Service.                                                 
[    5.797740] systemd-journald[103]: Received SIGUSR1                          
[    8.037102] random: systemd-journal: uninitialized urandom read (8 bytes rea)
[    8.053612] systemd-journald[103]: File /var/log/journal/790b818996c24f12a3f.
[    8.074671] random: systemd-journal: uninitialized urandom read (16 bytes re)
[  OK  ] Found device /dev/ttyS0.                                               
         Starting Serial Getty on ttyS0...                                      
[  OK  ] Started Avahi mDNS/DNS-SD Stack.                                       
         Starting WPA supplicant...                                             
[  OK  ] Started WPA supplicant.                                                
[   12.216557] net eth0: initializing cpsw version 1.12 (0)                     
[   12.221956] net eth0: initialized cpsw ale version 1.4                       
[   12.227146] net eth0: ALE Table size 1024                                    
[   12.265053] net eth0: phy found : id is : 0x7c0f1                            
[   12.292874] IPv6: ADDRCONF(NETDEV_UP): eth0: link is not ready               
                                                                                
.---O---.                                                                       
|       |                  .-.           o o                                    
|   |   |-----.-----.----+-----------------------------+                        
|       |     | __  |  --|                             |                        
|   |   |  |  |     |--- |  Cannot open /dev/ttyUSB0!  |                        
'---'---'--'--'--.  |----|                             |                        
                -'  |    +-----------------------------+                        
                '---'                                                           
                                                                                
The Angstrom Distribution beagleboard ttyS0                                     
                                                                                
Angstrom v2012.12 - Kernel 4.4.62                                               
                                                                                
beagleboard login: [   17.250128] random: nonblocking pool is initialized       
root                                                                            
                                                                                
Last login: Sat Jan  1 00:01:20 UTC 2000 on ttyS0                               


